Component: ARM Compiler 5.06 update 1 (build 61) Tool: armlink [4d35a8]

==============================================================================

Section Cross References

    stm32f7xx_it.o(i.SysTick_Handler) refers to stm32f7xx_hal.o(i.HAL_IncTick) for HAL_IncTick
    system_stm32f7xx.o(i.SystemCoreClockUpdate) refers to system_stm32f7xx.o(.data) for SystemCoreClock
    system_stm32f7xx.o(i.SystemCoreClockUpdate) refers to system_stm32f7xx.o(.constdata) for AHBPrescTable
    main.o(i.main) refers to sys.o(i.Cache_Enable) for Cache_Enable
    main.o(i.main) refers to stm32f7xx_hal.o(i.HAL_Init) for HAL_Init
    main.o(i.main) refers to sys.o(i.Stm32_Clock_Init) for Stm32_Clock_Init
    main.o(i.main) refers to delay.o(i.delay_init) for delay_init
    main.o(i.main) refers to led.o(i.LED_Init) for LED_Init
    main.o(i.main) refers to sram.o(i.FSMC_SRAM_Init) for FSMC_SRAM_Init
    main.o(i.main) refers to timer.o(i.TIM3_Init) for TIM3_Init
    main.o(i.main) refers to malloc.o(i.my_mem_init) for my_mem_init
    main.o(i.main) refers to delay.o(i.delay_ms) for delay_ms
    main.o(i.main) refers to lwip_comm.o(i.lwip_comm_init) for lwip_comm_init
    main.o(i.main) refers to tcp_server_demo.o(i.tcp_server_test) for tcp_server_test
    main.o(i.main) refers to lwip_comm.o(i.lwip_periodic_handle) for lwip_periodic_handle
    main.o(i.main) refers to delay.o(i.delay_us) for delay_us
    startup_stm32f777xx.o(RESET) refers to startup_stm32f777xx.o(STACK) for __initial_sp
    startup_stm32f777xx.o(RESET) refers to startup_stm32f777xx.o(.text) for Reset_Handler
    startup_stm32f777xx.o(RESET) refers to stm32f7xx_it.o(i.NMI_Handler) for NMI_Handler
    startup_stm32f777xx.o(RESET) refers to stm32f7xx_it.o(i.HardFault_Handler) for HardFault_Handler
    startup_stm32f777xx.o(RESET) refers to stm32f7xx_it.o(i.MemManage_Handler) for MemManage_Handler
    startup_stm32f777xx.o(RESET) refers to stm32f7xx_it.o(i.BusFault_Handler) for BusFault_Handler
    startup_stm32f777xx.o(RESET) refers to stm32f7xx_it.o(i.UsageFault_Handler) for UsageFault_Handler
    startup_stm32f777xx.o(RESET) refers to stm32f7xx_it.o(i.SVC_Handler) for SVC_Handler
    startup_stm32f777xx.o(RESET) refers to stm32f7xx_it.o(i.DebugMon_Handler) for DebugMon_Handler
    startup_stm32f777xx.o(RESET) refers to stm32f7xx_it.o(i.PendSV_Handler) for PendSV_Handler
    startup_stm32f777xx.o(RESET) refers to stm32f7xx_it.o(i.SysTick_Handler) for SysTick_Handler
    startup_stm32f777xx.o(RESET) refers to timer.o(i.TIM3_IRQHandler) for TIM3_IRQHandler
    startup_stm32f777xx.o(RESET) refers to lan8720.o(i.ETH_IRQHandler) for ETH_IRQHandler
    startup_stm32f777xx.o(.text) refers to system_stm32f7xx.o(i.SystemInit) for SystemInit
    startup_stm32f777xx.o(.text) refers to entry.o(.ARM.Collect$$$$00000000) for __main
    stm32f7xx_hal.o(i.HAL_DeInit) refers to stm32f7xx_hal_msp.o(i.HAL_MspDeInit) for HAL_MspDeInit
    stm32f7xx_hal.o(i.HAL_Delay) refers to stm32f7xx_hal.o(i.HAL_GetTick) for HAL_GetTick
    stm32f7xx_hal.o(i.HAL_GetTick) refers to stm32f7xx_hal.o(.data) for uwTick
    stm32f7xx_hal.o(i.HAL_IncTick) refers to stm32f7xx_hal.o(.data) for uwTick
    stm32f7xx_hal.o(i.HAL_Init) refers to stm32f7xx_hal_cortex.o(i.HAL_NVIC_SetPriorityGrouping) for HAL_NVIC_SetPriorityGrouping
    stm32f7xx_hal.o(i.HAL_Init) refers to stm32f7xx_hal.o(i.HAL_InitTick) for HAL_InitTick
    stm32f7xx_hal.o(i.HAL_Init) refers to stm32f7xx_hal_msp.o(i.HAL_MspInit) for HAL_MspInit
    stm32f7xx_hal.o(i.HAL_InitTick) refers to stm32f7xx_hal_cortex.o(i.HAL_SYSTICK_Config) for HAL_SYSTICK_Config
    stm32f7xx_hal.o(i.HAL_InitTick) refers to stm32f7xx_hal_cortex.o(i.HAL_NVIC_SetPriority) for HAL_NVIC_SetPriority
    stm32f7xx_hal.o(i.HAL_InitTick) refers to system_stm32f7xx.o(.data) for SystemCoreClock
    stm32f7xx_hal_cortex.o(i.HAL_NVIC_GetPriorityGrouping) refers to stm32f7xx_hal_cortex.o(i.NVIC_GetPriorityGrouping) for NVIC_GetPriorityGrouping
    stm32f7xx_hal_cortex.o(i.HAL_NVIC_SetPriority) refers to stm32f7xx_hal_cortex.o(i.NVIC_GetPriorityGrouping) for NVIC_GetPriorityGrouping
    stm32f7xx_hal_cortex.o(i.HAL_NVIC_SetPriority) refers to stm32f7xx_hal_cortex.o(i.NVIC_SetPriority) for NVIC_SetPriority
    stm32f7xx_hal_cortex.o(i.HAL_SYSTICK_Config) refers to stm32f7xx_hal_cortex.o(i.NVIC_SetPriority) for NVIC_SetPriority
    stm32f7xx_hal_cortex.o(i.HAL_SYSTICK_IRQHandler) refers to stm32f7xx_hal_cortex.o(i.HAL_SYSTICK_Callback) for HAL_SYSTICK_Callback
    stm32f7xx_hal_gpio.o(i.HAL_GPIO_EXTI_IRQHandler) refers to stm32f7xx_hal_gpio.o(i.HAL_GPIO_EXTI_Callback) for HAL_GPIO_EXTI_Callback
    stm32f7xx_hal_rcc.o(i.HAL_RCC_ClockConfig) refers to stm32f7xx_hal.o(i.HAL_GetTick) for HAL_GetTick
    stm32f7xx_hal_rcc.o(i.HAL_RCC_ClockConfig) refers to stm32f7xx_hal_rcc.o(i.HAL_RCC_GetSysClockFreq) for HAL_RCC_GetSysClockFreq
    stm32f7xx_hal_rcc.o(i.HAL_RCC_ClockConfig) refers to stm32f7xx_hal.o(i.HAL_InitTick) for HAL_InitTick
[...]
    .data                                    0x20020044   Section       18  ip.o(.data)
    ip_id                                    0x20020054   Data           2  ip.o(.data)
    .data                                    0x20020058   Section        6  ip_frag.o(.data)
    reassdatagrams                           0x20020058   Data           4  ip_frag.o(.data)
    ip_reass_pbufcount                       0x2002005c   Data           2  ip_frag.o(.data)
    .data                                    0x20020060   Section        4  dhcp.o(.data)
    xid                                      0x20020060   Data           4  dhcp.o(.data)
    .data                                    0x20020064   Section       16  mem.o(.data)
    ram                                      0x20020068   Data           4  mem.o(.data)
    ram_end                                  0x2002006c   Data           4  mem.o(.data)
    lfree                                    0x20020070   Data           4  mem.o(.data)
    .data                                    0x20020074   Section        4  memp.o(.data)
    .data                                    0x20020078   Section        9  netif.o(.data)
    netif_num                                0x20020080   Data           1  netif.o(.data)
    .data                                    0x20020084   Section        4  raw.o(.data)
    raw_pcbs                                 0x20020084   Data           4  raw.o(.data)
    .data                                    0x20020088   Section       36  tcp.o(.data)
    tcp_port                                 0x20020088   Data           2  tcp.o(.data)
    tcp_timer                                0x200200a5   Data           1  tcp.o(.data)
    tcp_timer_ctr                            0x200200a6   Data           1  tcp.o(.data)
    iss                                      0x200200a8   Data           4  tcp.o(.data)
    .data                                    0x200200ac   Section       32  tcp_in.o(.data)
    tcphdr                                   0x200200ac   Data           4  tcp_in.o(.data)
    iphdr                                    0x200200b0   Data           4  tcp_in.o(.data)
    seqno                                    0x200200b4   Data           4  tcp_in.o(.data)
    ackno                                    0x200200b8   Data           4  tcp_in.o(.data)
    flags                                    0x200200bc   Data           1  tcp_in.o(.data)
    tcplen                                   0x200200be   Data           2  tcp_in.o(.data)
    recv_flags                               0x200200c0   Data           1  tcp_in.o(.data)
    recv_data                                0x200200c4   Data           4  tcp_in.o(.data)
    .data                                    0x200200cc   Section       12  timers.o(.data)
    next_timeout                             0x200200cc   Data           4  timers.o(.data)
    timeouts_last_time                       0x200200d0   Data           4  timers.o(.data)
    tcpip_tcp_timer_active                   0x200200d4   Data           4  timers.o(.data)
    .data                                    0x200200d8   Section        8  udp.o(.data)
    udp_port                                 0x200200d8   Data           2  udp.o(.data)
    .data                                    0x200200e0   Section       20  lwip_comm.o(.data)
    .data                                    0x200200f4   Section        1  tcp_server_demo.o(.data)
    .data                                    0x200200f8   Section        4  stdout.o(.data)
    .bss                                     0x200200fc   Section       72  lan8720.o(.bss)
    .bss                                     0x20020160   Section    174080  malloc.o(.bss)
    .bss                                     0x2004a960   Section       64  timer.o(.bss)
    .bss                                     0x2004a9a0   Section       76  sram.o(.bss)
    .bss                                     0x2004a9ec   Section      200  etharp.o(.bss)
    arp_table                                0x2004a9ec   Data         200  etharp.o(.bss)
    .bss                                     0x2004aab4   Section       50  dhcp.o(.bss)
    .bss                                     0x2004aae8   Section       40  memp.o(.bss)
    memp_tab                                 0x2004aae8   Data          40  memp.o(.bss)
    .bss                                     0x2004ab10   Section       16  tcp_in.o(.bss)
    inseg                                    0x2004ab10   Data          16  tcp_in.o(.bss)
    .bss                                     0x2004ab20   Section       76  lwip_comm.o(.bss)
    .bss                                     0x2004ab6c   Section      200  tcp_server_demo.o(.bss)
    STACK                                    0x2004ac38   Section     1024  startup_stm32f777xx.o(STACK)
    .ARM.__AT_0x68000000                     0x68000000   Section    983040  malloc.o(.ARM.__AT_0x68000000)
    .ARM.__AT_0x680F0000                     0x680f0000   Section    61440  malloc.o(.ARM.__AT_0x680F0000)

    Global Symbols

    Symbol Name                              Value     Ov Type        Size  Object(Section)

    BuildAttributes$$THM_ISAv4$E$P$D$K$B$S$7EM$VFPv5_D16$PE$PLD8$A:L22UL41UL21$X:L11$S22US41US21$IEEE1$IW$USESV6$~STKCKD$USESV7$~SHL$OSPACE$ROPI$EBA8$MICROLIB$REQ8$PRES8$EABIv2 0x00000000   Number         0  anon$$obj.o ABSOLUTE
    __ARM_use_no_argv                        0x00000000   Number         0  main.o ABSOLUTE
    _printf_a                                0x00000000   Number         0  stubs.o ABSOLUTE
    _printf_c                                0x00000000   Number         0  stubs.o ABSOLUTE
    _printf_charcount                        0x00000000   Number         0  stubs.o ABSOLUTE
    _printf_d                                0x00000000   Number         0  stubs.o ABSOLUTE
    _printf_e                                0x00000000   Number         0  stubs.o ABSOLUTE
    _printf_f                                0x00000000   Number         0  stubs.o ABSOLUTE
    _printf_flags                            0x00000000   Number         0  stubs.o ABSOLUTE
    _printf_fp_dec                           0x00000000   Number         0  stubs.o ABSOLUTE
    _printf_fp_hex                           0x00000000   Number         0  stubs.o ABSOLUTE
    _printf_g                                0x00000000   Number         0  stubs.o ABSOLUTE
    _printf_i                                0x00000000   Number         0  stubs.o ABSOLUTE
    _printf_int_dec                          0x00000000   Number         0  stubs.o ABSOLUTE
    _printf_l                                0x00000000   Number         0  stubs.o ABSOLUTE
    _printf_lc                               0x00000000   Number         0  stubs.o ABSOLUTE
    _printf_ll                               0x00000000   Number         0  stubs.o ABSOLUTE
    _printf_lld                              0x00000000   Number         0  stubs.o ABSOLUTE
    _printf_lli                              0x00000000   Number         0  stubs.o ABSOLUTE
    _printf_llo                              0x00000000   Number         0  stubs.o ABSOLUTE
    _printf_llu                              0x00000000   Number         0  stubs.o ABSOLUTE
    _printf_llx                              0x00000000   Number         0  stubs.o ABSOLUTE
    _printf_longlong_dec                     0x00000000   Number         0  stubs.o ABSOLUTE
    _printf_longlong_hex                     0x00000000   Number         0  stubs.o ABSOLUTE
    _printf_longlong_oct                     0x00000000   Number         0  stubs.o ABSOLUTE
    _printf_ls                               0x00000000   Number         0  stubs.o ABSOLUTE
    _printf_mbtowc                           0x00000000   Number         0  stubs.o ABSOLUTE
    _printf_n                                0x00000000   Number         0  stubs.o ABSOLUTE
    _printf_o                                0x00000000   Number         0  stubs.o ABSOLUTE
    _printf_p                                0x00000000   Number         0  stubs.o ABSOLUTE
    _printf_percent                          0x00000000   Number         0  stubs.o ABSOLUTE
    _printf_pre_padding                      0x00000000   Number         0  stubs.o ABSOLUTE
    _printf_return_value                     0x00000000   Number         0  stubs.o ABSOLUTE
    _printf_s                                0x00000000   Number         0  stubs.o ABSOLUTE
    _printf_sizespec                         0x00000000   Number         0  stubs.o ABSOLUTE
    _printf_str                              0x00000000   Number         0  stubs.o ABSOLUTE
    _printf_truncate_signed                  0x00000000   Number         0  stubs.o ABSOLUTE
    _printf_truncate_unsigned                0x00000000   Number         0  stubs.o ABSOLUTE
    _printf_u                                0x00000000   Number         0  stubs.o ABSOLUTE
    _printf_wc                               0x00000000   Number         0  stubs.o ABSOLUTE
    _printf_wctomb                           0x00000000   Number         0  stubs.o ABSOLUTE
    _printf_widthprec                        0x00000000   Number         0  stubs.o ABSOLUTE
    _printf_x                                0x00000000   Number         0  stubs.o ABSOLUTE
    __cpp_initialize__aeabi_                  - Undefined Weak Reference
    __cxa_finalize                            - Undefined Weak Reference
    __decompress                              - Undefined Weak Reference
    _clock_init                               - Undefined Weak Reference
    _microlib_exit                            - Undefined Weak Reference
    __Vectors_Size                           0x000001f8   Number         0  startup_stm32f777xx.o ABSOLUTE
    __Vectors                                0x08000000   Data           4  startup_stm32f777xx.o(RESET)
    __Vectors_End                            0x080001f8   Data           0  startup_stm32f777xx.o(RESET)
    __main                                   0x080001f9   Thumb Code     0  entry.o(.ARM.Collect$$$$00000000)
    _main_stk                                0x080001f9   Thumb Code     0  entry2.o(.ARM.Collect$$$$00000001)
    _main_scatterload                        0x080001fd   Thumb Code     0  entry5.o(.ARM.Collect$$$$00000004)
    __main_after_scatterload                 0x08000201   Thumb Code     0  entry5.o(.ARM.Collect$$$$00000004)
    _main_clock                              0x08000201   Thumb Code     0  entry7b.o(.ARM.Collect$$$$00000008)
    _main_cpp_init                           0x08000201   Thumb Code     0  entry8b.o(.ARM.Collect$$$$0000000A)
    _main_init                               0x08000201   Thumb Code     0  entry9a.o(.ARM.Collect$$$$0000000B)
    __rt_final_cpp                           0x08000209   Thumb Code     0  entry10a.o(.ARM.Collect$$$$0000000D)
    __rt_final_exit                          0x08000209   Thumb Code     0  entry11a.o(.ARM.Collect$$$$0000000F)
    WFI_SET                                  0x0800020d   Thumb Code     2  sys.o(.emb_text)
    INTX_DISABLE                             0x0800020f   Thumb Code     4  sys.o(.emb_text)
    INTX_ENABLE                              0x08000213   Thumb Code     4  sys.o(.emb_text)
    MSR_MSP                                  0x08000217   Thumb Code     6  sys.o(.emb_text)
    Reset_Handler                            0x0800021d   Thumb Code     8  startup_stm32f777xx.o(.text)
    ADC_IRQHandler                           0x08000237   Thumb Code     0  startup_stm32f777xx.o(.text)
    CAN1_RX0_IRQHandler                      0x08000237   Thumb Code     0  startup_stm32f777xx.o(.text)
    CAN1_RX1_IRQHandler                      0x08000237   Thumb Code     0  startup_stm32f777xx.o(.text)
    CAN1_SCE_IRQHandler                      0x08000237   Thumb Code     0  startup_stm32f777xx.o(.text)
    CAN1_TX_IRQHandler                       0x08000237   Thumb Code     0  startup_stm32f777xx.o(.text)
    CAN2_RX0_IRQHandler                      0x08000237   Thumb Code     0  startup_stm32f777xx.o(.text)
    CAN2_RX1_IRQHandler                      0x08000237   Thumb Code     0  startup_stm32f777xx.o(.text)
    CAN2_SCE_IRQHandler                      0x08000237   Thumb Code     0  startup_stm32f777xx.o(.text)
    CAN2_TX_IRQHandler                       0x08000237   Thumb Code     0  startup_stm32f777xx.o(.text)
    CAN3_RX0_IRQHandler                      0x08000237   Thumb Code     0  startup_stm32f777xx.o(.text)
    CAN3_RX1_IRQHandler                      0x08000237   Thumb Code     0  startup_stm32f777xx.o(.text)
    CAN3_SCE_IRQHandler                      0x08000237   Thumb Code     0  startup_stm32f777xx.o(.text)
    CAN3_TX_IRQHandler                       0x08000237   Thumb Code     0  startup_stm32f777xx.o(.text)
    CEC_IRQHandler                           0x08000237   Thumb Code     0  startup_stm32f777xx.o(.text)
    CRYP_IRQHandler                          0x08000237   Thumb Code     0  startup_stm32f777xx.o(.text)
    DCMI_IRQHandler                          0x08000237   Thumb Code     0  startup_stm32f777xx.o(.text)
    DFSDM1_FLT0_IRQHandler                   0x08000237   Thumb Code     0  startup_stm32f777xx.o(.text)
    DFSDM1_FLT1_IRQHandler                   0x08000237   Thumb Code     0  startup_stm32f777xx.o(.text)
    DFSDM1_FLT2_IRQHandler                   0x08000237   Thumb Code     0  startup_stm32f777xx.o(.text)
    DFSDM1_FLT3_IRQHandler                   0x08000237   Thumb Code     0  startup_stm32f777xx.o(.text)
    DMA1_Stream0_IRQHandler                  0x08000237   Thumb Code     0  startup_stm32f777xx.o(.text)
    DMA1_Stream1_IRQHandler                  0x08000237   Thumb Code     0  startup_stm32f777xx.o(.text)
    DMA1_Stream2_IRQHandler                  0x08000237   Thumb Code     0  startup_stm32f777xx.o(.text)
    DMA1_Stream3_IRQHandler                  0x08000237   Thumb Code     0  startup_stm32f777xx.o(.text)
    DMA1_Stream4_IRQHandler                  0x08000237   Thumb Code     0  startup_stm32f777xx.o(.text)
    DMA1_Stream5_IRQHandler                  0x08000237   Thumb Code     0  startup_stm32f777xx.o(.text)
    DMA1_Stream6_IRQHandler                  0x08000237   Thumb Code     0  startup_stm32f777xx.o(.text)
    DMA1_Stream7_IRQHandler                  0x08000237   Thumb Code     0  startup_stm32f777xx.o(.text)
    DMA2D_IRQHandler                         0x08000237   Thumb Code     0  startup_stm32f777xx.o(.text)
    DMA2_Stream0_IRQHandler                  0x08000237   Thumb Code     0  startup_stm32f777xx.o(.text)
    DMA2_Stream1_IRQHandler                  0x08000237   Thumb Code     0  startup_stm32f777xx.o(.text)
    DMA2_Stream2_IRQHandler                  0x08000237   Thumb Code     0  startup_stm32f777xx.o(.text)
    DMA2_Stream3_IRQHandler                  0x08000237   Thumb Code     0  startup_stm32f777xx.o(.text)
    DMA2_Stream4_IRQHandler                  0x08000237   Thumb Code     0  startup_stm32f777xx.o(.text)
    DMA2_Stream5_IRQHandler                  0x08000237   Thumb Code     0  startup_stm32f777xx.o(.text)
    DMA2_Stream6_IRQHandler                  0x08000237   Thumb Code     0  startup_stm32f777xx.o(.text)
    DMA2_Stream7_IRQHandler                  0x08000237   Thumb Code     0  startup_stm32f777xx.o(.text)
    ETH_WKUP_IRQHandler                      0x08000237   Thumb Code     0  startup_stm32f777xx.o(.text)
    EXTI0_IRQHandler                         0x08000237   Thumb Code     0  startup_stm32f777xx.o(.text)
    EXTI15_10_IRQHandler                     0x08000237   Thumb Code     0  startup_stm32f777xx.o(.text)
    EXTI1_IRQHandler                         0x08000237   Thumb Code     0  startup_stm32f777xx.o(.text)
    EXTI2_IRQHandler                         0x08000237   Thumb Code     0  startup_stm32f777xx.o(.text)
    EXTI3_IRQHandler                         0x08000237   Thumb Code     0  startup_stm32f777xx.o(.text)
    EXTI4_IRQHandler                         0x08000237   Thumb Code     0  startup_stm32f777xx.o(.text)
    EXTI9_5_IRQHandler                       0x08000237   Thumb Code     0  startup_stm32f777xx.o(.text)
    FLASH_IRQHandler                         0x08000237   Thumb Code     0  startup_stm32f777xx.o(.text)
    FMC_IRQHandler                           0x08000237   Thumb Code     0  startup_stm32f777xx.o(.text)
    FPU_IRQHandler                           0x08000237   Thumb Code     0  startup_stm32f777xx.o(.text)
    HASH_RNG_IRQHandler                      0x08000237   Thumb Code     0  startup_stm32f777xx.o(.text)
    I2C1_ER_IRQHandler                       0x08000237   Thumb Code     0  startup_stm32f777xx.o(.text)
    I2C1_EV_IRQHandler                       0x08000237   Thumb Code     0  startup_stm32f777xx.o(.text)
    I2C2_ER_IRQHandler                       0x08000237   Thumb Code     0  startup_stm32f777xx.o(.text)
    I2C2_EV_IRQHandler                       0x08000237   Thumb Code     0  startup_stm32f777xx.o(.text)
    I2C3_ER_IRQHandler                       0x08000237   Thumb Code     0  startup_stm32f777xx.o(.text)
    I2C3_EV_IRQHandler                       0x08000237   Thumb Code     0  startup_stm32f777xx.o(.text)
    I2C4_ER_IRQHandler                       0x08000237   Thumb Code     0  startup_stm32f777xx.o(.text)
    I2C4_EV_IRQHandler                       0x08000237   Thumb Code     0  startup_stm32f777xx.o(.text)
    JPEG_IRQHandler                          0x08000237   Thumb Code     0  startup_stm32f777xx.o(.text)
    LPTIM1_IRQHandler                        0x08000237   Thumb Code     0  startup_stm32f777xx.o(.text)
    LTDC_ER_IRQHandler                       0x08000237   Thumb Code     0  startup_stm32f777xx.o(.text)
    LTDC_IRQHandler                          0x08000237   Thumb Code     0  startup_stm32f777xx.o(.text)
    MDIOS_IRQHandler                         0x08000237   Thumb Code     0  startup_stm32f777xx.o(.text)
    OTG_FS_IRQHandler                        0x08000237   Thumb Code     0  startup_stm32f777xx.o(.text)
    OTG_FS_WKUP_IRQHandler                   0x08000237   Thumb Code     0  startup_stm32f777xx.o(.text)
    OTG_HS_EP1_IN_IRQHandler                 0x08000237   Thumb Code     0  startup_stm32f777xx.o(.text)
    OTG_HS_EP1_OUT_IRQHandler                0x08000237   Thumb Code     0  startup_stm32f777xx.o(.text)
    OTG_HS_IRQHandler                        0x08000237   Thumb Code     0  startup_stm32f777xx.o(.text)
    OTG_HS_WKUP_IRQHandler                   0x08000237   Thumb Code     0  startup_stm32f777xx.o(.text)
    PVD_IRQHandler                           0x08000237   Thumb Code     0  startup_stm32f777xx.o(.text)
    QUADSPI_IRQHandler                       0x08000237   Thumb Code     0  startup_stm32f777xx.o(.text)
    RCC_IRQHandler                           0x08000237   Thumb Code     0  startup_stm32f777xx.o(.text)
    RTC_Alarm_IRQHandler                     0x08000237   Thumb Code     0  startup_stm32f777xx.o(.text)
    RTC_WKUP_IRQHandler                      0x08000237   Thumb Code     0  startup_stm32f777xx.o(.text)
    SAI1_IRQHandler                          0x08000237   Thumb Code     0  startup_stm32f777xx.o(.text)
    SAI2_IRQHandler                          0x08000237   Thumb Code     0  startup_stm32f777xx.o(.text)
    SDMMC1_IRQHandler                        0x08000237   Thumb Code     0  startup_stm32f777xx.o(.text)
    SDMMC2_IRQHandler                        0x08000237   Thumb Code     0  startup_stm32f777xx.o(.text)
    SPDIF_RX_IRQHandler                      0x08000237   Thumb Code     0  startup_stm32f777xx.o(.text)
    SPI1_IRQHandler                          0x08000237   Thumb Code     0  startup_stm32f777xx.o(.text)
    SPI2_IRQHandler                          0x08000237   Thumb Code     0  startup_stm32f777xx.o(.text)
    SPI3_IRQHandler                          0x08000237   Thumb Code     0  startup_stm32f777xx.o(.text)
    SPI4_IRQHandler                          0x08000237   Thumb Code     0  startup_stm32f777xx.o(.text)
    SPI5_IRQHandler                          0x08000237   Thumb Code     0  startup_stm32f777xx.o(.text)
    SPI6_IRQHandler                          0x08000237   Thumb Code     0  startup_stm32f777xx.o(.text)
    TAMP_STAMP_IRQHandler                    0x08000237   Thumb Code     0  startup_stm32f777xx.o(.text)
    TIM1_BRK_TIM9_IRQHandler                 0x08000237   Thumb Code     0  startup_stm32f777xx.o(.text)
    TIM1_CC_IRQHandler                       0x08000237   Thumb Code     0  startup_stm32f777xx.o(.text)
    TIM1_TRG_COM_TIM11_IRQHandler            0x08000237   Thumb Code     0  startup_stm32f777xx.o(.text)
    TIM1_UP_TIM10_IRQHandler                 0x08000237   Thumb Code     0  startup_stm32f777xx.o(.text)
    TIM2_IRQHandler                          0x08000237   Thumb Code     0  startup_stm32f777xx.o(.text)
    TIM4_IRQHandler                          0x08000237   Thumb Code     0  startup_stm32f777xx.o(.text)
    TIM5_IRQHandler                          0x08000237   Thumb Code     0  startup_stm32f777xx.o(.text)
    TIM6_DAC_IRQHandler                      0x08000237   Thumb Code     0  startup_stm32f777xx.o(.text)
    TIM7_IRQHandler                          0x08000237   Thumb Code     0  startup_stm32f777xx.o(.text)
    TIM8_BRK_TIM12_IRQHandler                0x08000237   Thumb Code     0  startup_stm32f777xx.o(.text)
    TIM8_CC_IRQHandler                       0x08000237   Thumb Code     0  startup_stm32f777xx.o(.text)
    TIM8_TRG_COM_TIM14_IRQHandler            0x08000237   Thumb Code     0  startup_stm32f777xx.o(.text)
    TIM8_UP_TIM13_IRQHandler                 0x08000237   Thumb Code     0  startup_stm32f777xx.o(.text)
    UART4_IRQHandler                         0x08000237   Thumb Code     0  startup_stm32f777xx.o(.text)
    UART5_IRQHandler                         0x08000237   Thumb Code     0  startup_stm32f777xx.o(.text)
    UART7_IRQHandler                         0x08000237   Thumb Code     0  startup_stm32f777xx.o(.text)
    UART8_IRQHandler                         0x08000237   Thumb Code     0  startup_stm32f777xx.o(.text)
    USART1_IRQHandler                        0x08000237   Thumb Code     0  startup_stm32f777xx.o(.text)
    USART2_IRQHandler                        0x08000237   Thumb Code     0  startup_stm32f777xx.o(.text)
    USART3_IRQHandler                        0x08000237   Thumb Code     0  startup_stm32f777xx.o(.text)
    USART6_IRQHandler                        0x08000237   Thumb Code     0  startup_stm32f777xx.o(.text)
    WWDG_IRQHandler                          0x08000237   Thumb Code     0  startup_stm32f777xx.o(.text)
    __aeabi_memcpy                           0x08000241   Thumb Code    36  memcpya.o(.text)
    __aeabi_memcpy4                          0x08000241   Thumb Code     0  memcpya.o(.text)
    __aeabi_memcpy8                          0x08000241   Thumb Code     0  memcpya.o(.text)
    __aeabi_memset                           0x08000265   Thumb Code    14  memseta.o(.text)
    __aeabi_memset4                          0x08000265   Thumb Code     0  memseta.o(.text)
    __aeabi_memset8                          0x08000265   Thumb Code     0  memseta.o(.text)
    __aeabi_memclr                           0x08000273   Thumb Code     4  memseta.o(.text)
    __aeabi_memclr4                          0x08000273   Thumb Code     0  memseta.o(.text)
    __aeabi_memclr8                          0x08000273   Thumb Code     0  memseta.o(.text)
    _memset$wrapper                          0x08000277   Thumb Code    18  memseta.o(.text)
    strlen                                   0x08000289   Thumb Code    14  strlen.o(.text)
    memcmp                                   0x08000297   Thumb Code    26  memcmp.o(.text)
    __aeabi_uidiv                            0x080002b1   Thumb Code     0  uidiv.o(.text)
    __aeabi_uidivmod                         0x080002b1   Thumb Code    44  uidiv.o(.text)
    __scatterload                            0x080002dd   Thumb Code    28  init.o(.text)
    __scatterload_rt2                        0x080002dd   Thumb Code     0  init.o(.text)
    BusFault_Handler                         0x08000301   Thumb Code     4  stm32f7xx_it.o(i.BusFault_Handler)
    __I$use$semihosting$fputc                0x08000301   Thumb Code     0  iusesemip.o(.text)
    __semihosting_library_function           0x08000301   Thumb Code     0  semi.o(.text)
    Cache_Enable                             0x08000305   Thumb Code   112  sys.o(i.Cache_Enable)
    DebugMon_Handler                         0x0800037d   Thumb Code     2  stm32f7xx_it.o(i.DebugMon_Handler)
    ETH_GetRxPktSize                         0x080003e3   Thumb Code    36  lan8720.o(i.ETH_GetRxPktSize)
    ETH_IRQHandler                           0x08000409   Thumb Code    48  lan8720.o(i.ETH_IRQHandler)
    ETH_Mem_Malloc                           0x08000705   Thumb Code    66  lan8720.o(i.ETH_Mem_Malloc)
    FMC_NORSRAM_Extended_Timing_Init         0x08000759   Thumb Code    66  stm32f7xx_ll_fmc.o(i.FMC_NORSRAM_Extended_Timing_Init)
    FMC_NORSRAM_Init                         0x080007a1   Thumb Code   124  stm32f7xx_ll_fmc.o(i.FMC_NORSRAM_Init)
    FMC_NORSRAM_Timing_Init                  0x08000821   Thumb Code    94  stm32f7xx_ll_fmc.o(i.FMC_NORSRAM_Timing_Init)
    FSMC_SRAM_Init                           0x08000881   Thumb Code    96  sram.o(i.FSMC_SRAM_Init)
    HAL_Delay                                0x080008e9   Thumb Code    26  stm32f7xx_hal.o(i.HAL_Delay)
    HAL_ETH_DMARxDescListInit                0x08000903   Thumb Code   140  stm32f7xx_hal_eth.o(i.HAL_ETH_DMARxDescListInit)
    HAL_ETH_DMATxDescListInit                0x0800098f   Thumb Code   132  stm32f7xx_hal_eth.o(i.HAL_ETH_DMATxDescListInit)
    HAL_ETH_GetReceivedFrame                 0x08000a13   Thumb Code   178  stm32f7xx_hal_eth.o(i.HAL_ETH_GetReceivedFrame)
    HAL_ETH_Init                             0x08000ac5   Thumb Code   640  stm32f7xx_hal_eth.o(i.HAL_ETH_Init)
    HAL_ETH_MspInit                          0x08000d61   Thumb Code   256  lan8720.o(i.HAL_ETH_MspInit)
    HAL_ETH_ReadPHYRegister                  0x08000e71   Thumb Code   146  stm32f7xx_hal_eth.o(i.HAL_ETH_ReadPHYRegister)
    HAL_ETH_Start                            0x08000f03   Thumb Code    82  stm32f7xx_hal_eth.o(i.HAL_ETH_Start)
    HAL_ETH_TransmitFrame                    0x08000f55   Thumb Code   318  stm32f7xx_hal_eth.o(i.HAL_ETH_TransmitFrame)
    HAL_ETH_WritePHYRegister                 0x08001093   Thumb Code   144  stm32f7xx_hal_eth.o(i.HAL_ETH_WritePHYRegister)
    HAL_GPIO_Init                            0x08001125   Thumb Code   484  stm32f7xx_hal_gpio.o(i.HAL_GPIO_Init)
    HAL_GPIO_TogglePin                       0x0800133d   Thumb Code     8  stm32f7xx_hal_gpio.o(i.HAL_GPIO_TogglePin)
    HAL_GPIO_WritePin                        0x08001345   Thumb Code    12  stm32f7xx_hal_gpio.o(i.HAL_GPIO_WritePin)
    HAL_GetTick                              0x08001351   Thumb Code     6  stm32f7xx_hal.o(i.HAL_GetTick)
    HAL_IncTick                              0x0800135d   Thumb Code    12  stm32f7xx_hal.o(i.HAL_IncTick)
    HAL_Init                                 0x0800136d   Thumb Code    34  stm32f7xx_hal.o(i.HAL_Init)
    HAL_InitTick                             0x08001395   Thumb Code    36  stm32f7xx_hal.o(i.HAL_InitTick)
    HAL_MspInit                              0x080013bd   Thumb Code     2  stm32f7xx_hal_msp.o(i.HAL_MspInit)
    HAL_NVIC_EnableIRQ                       0x080013bf   Thumb Code    26  stm32f7xx_hal_cortex.o(i.HAL_NVIC_EnableIRQ)
    HAL_NVIC_SetPriority                     0x080013d9   Thumb Code   124  stm32f7xx_hal_cortex.o(i.HAL_NVIC_SetPriority)
    HAL_NVIC_SetPriorityGrouping             0x08001455   Thumb Code    32  stm32f7xx_hal_cortex.o(i.HAL_NVIC_SetPriorityGrouping)
    HAL_PWREx_EnableOverDrive                0x0800147d   Thumb Code   136  stm32f7xx_hal_pwr_ex.o(i.HAL_PWREx_EnableOverDrive)
    HAL_RCC_ClockConfig                      0x0800150d   Thumb Code   420  stm32f7xx_hal_rcc.o(i.HAL_RCC_ClockConfig)
    HAL_RCC_GetHCLKFreq                      0x080016c1   Thumb Code     6  stm32f7xx_hal_rcc.o(i.HAL_RCC_GetHCLKFreq)
    HAL_RCC_GetSysClockFreq                  0x080016cd   Thumb Code   168  stm32f7xx_hal_rcc.o(i.HAL_RCC_GetSysClockFreq)
    HAL_RCC_OscConfig                        0x08001781   Thumb Code  1266  stm32f7xx_hal_rcc.o(i.HAL_RCC_OscConfig)
    HAL_SRAM_Init                            0x08001c79   Thumb Code    88  stm32f7xx_hal_sram.o(i.HAL_SRAM_Init)
    HAL_SRAM_MspInit                         0x08001cd1   Thumb Code   220  sram.o(i.HAL_SRAM_MspInit)
    HAL_SYSTICK_CLKSourceConfig              0x08001dc1   Thumb Code    40  stm32f7xx_hal_cortex.o(i.HAL_SYSTICK_CLKSourceConfig)
    HAL_SYSTICK_Config                       0x08001de9   Thumb Code    52  stm32f7xx_hal_cortex.o(i.HAL_SYSTICK_Config)
    HAL_TIMEx_BreakCallback                  0x08001e1d   Thumb Code     2  stm32f7xx_hal_tim_ex.o(i.HAL_TIMEx_BreakCallback)
    HAL_TIMEx_CommutationCallback            0x08001e1f   Thumb Code     2  stm32f7xx_hal_tim_ex.o(i.HAL_TIMEx_CommutationCallback)
    HAL_TIM_Base_Init                        0x08001e21   Thumb Code    52  stm32f7xx_hal_tim.o(i.HAL_TIM_Base_Init)
    HAL_TIM_Base_MspInit                     0x08001e55   Thumb Code    58  timer.o(i.HAL_TIM_Base_MspInit)
    HAL_TIM_Base_Start_IT                    0x08001e99   Thumb Code    30  stm32f7xx_hal_tim.o(i.HAL_TIM_Base_Start_IT)
    HAL_TIM_IC_CaptureCallback               0x08001eb7   Thumb Code     2  stm32f7xx_hal_tim.o(i.HAL_TIM_IC_CaptureCallback)
    HAL_TIM_IRQHandler                       0x08001eb9   Thumb Code   440  stm32f7xx_hal_tim.o(i.HAL_TIM_IRQHandler)
    HAL_TIM_OC_DelayElapsedCallback          0x08002071   Thumb Code     2  stm32f7xx_hal_tim.o(i.HAL_TIM_OC_DelayElapsedCallback)
    HAL_TIM_PWM_PulseFinishedCallback        0x08002073   Thumb Code     2  stm32f7xx_hal_tim.o(i.HAL_TIM_PWM_PulseFinishedCallback)
    HAL_TIM_PeriodElapsedCallback            0x08002075   Thumb Code    18  timer.o(i.HAL_TIM_PeriodElapsedCallback)
    HAL_TIM_TriggerCallback                  0x08002091   Thumb Code     2  stm32f7xx_hal_tim.o(i.HAL_TIM_TriggerCallback)
    HardFault_Handler                        0x08002093   Thumb Code     4  stm32f7xx_it.o(i.HardFault_Handler)
    LAN8720_Init                             0x08002099   Thumb Code   148  lan8720.o(i.LAN8720_Init)
    LED_Init                                 0x0800213d   Thumb Code   118  led.o(i.LED_Init)
    MemManage_Handler                        0x080021c1   Thumb Code     4  stm32f7xx_it.o(i.MemManage_Handler)
    NMI_Handler                              0x080021c5   Thumb Code     2  stm32f7xx_it.o(i.NMI_Handler)
    PendSV_Handler                           0x08002201   Thumb Code     2  stm32f7xx_it.o(i.PendSV_Handler)
    SVC_Handler                              0x080022a1   Thumb Code     2  stm32f7xx_it.o(i.SVC_Handler)
    Stm32_Clock_Init                         0x080022a5   Thumb Code   170  sys.o(i.Stm32_Clock_Init)
    SysTick_Handler                          0x08002359   Thumb Code     8  stm32f7xx_it.o(i.SysTick_Handler)
    SystemInit                               0x08002361   Thumb Code    82  system_stm32f7xx.o(i.SystemInit)
    TIM3_IRQHandler                          0x080023c5   Thumb Code    10  timer.o(i.TIM3_IRQHandler)
    TIM3_Init                                0x080023d5   Thumb Code    36  timer.o(i.TIM3_Init)
    TIM_Base_SetConfig                       0x08002401   Thumb Code   196  stm32f7xx_hal_tim.o(i.TIM_Base_SetConfig)
    UsageFault_Handler                       0x080024f1   Thumb Code     4  stm32f7xx_it.o(i.UsageFault_Handler)
    __0printf$3                              0x080024f5   Thumb Code    22  printf3.o(i.__0printf$3)
    __1printf$3                              0x080024f5   Thumb Code     0  printf3.o(i.__0printf$3)
    __2printf                                0x080024f5   Thumb Code     0  printf3.o(i.__0printf$3)
    __scatterload_copy                       0x08002515   Thumb Code    14  handlers.o(i.__scatterload_copy)
    __scatterload_null                       0x08002523   Thumb Code     2  handlers.o(i.__scatterload_null)
    __scatterload_zeroinit                   0x08002525   Thumb Code    14  handlers.o(i.__scatterload_zeroinit)
    delay_init                               0x08002709   Thumb Code    16  delay.o(i.delay_init)
    delay_ms                                 0x0800271d   Thumb Code    24  delay.o(i.delay_ms)
    delay_us                                 0x08002735   Thumb Code    68  delay.o(i.delay_us)
    dhcp_arp_reply                           0x0800277d   Thumb Code    64  dhcp.o(i.dhcp_arp_reply)
    dhcp_coarse_tmr                          0x080029e1   Thumb Code    62  dhcp.o(i.dhcp_coarse_tmr)
    dhcp_fine_tmr                            0x08002f71   Thumb Code    64  dhcp.o(i.dhcp_fine_tmr)
    dhcp_release                             0x08003c89   Thumb Code   162  dhcp.o(i.dhcp_release)
    dhcp_renew                               0x08003d31   Thumb Code   134  dhcp.o(i.dhcp_renew)
    dhcp_start                               0x08003ebd   Thumb Code   266  dhcp.o(i.dhcp_start)
    dhcp_stop                                0x0800405d   Thumb Code   100  dhcp.o(i.dhcp_stop)
    etharp_cleanup_netif                     0x080043fd   Thumb Code    52  etharp.o(i.etharp_cleanup_netif)
    etharp_output                            0x08004749   Thumb Code   374  etharp.o(i.etharp_output)
    etharp_query                             0x08004a61   Thumb Code   436  etharp.o(i.etharp_query)
    etharp_request                           0x08004e55   Thumb Code    36  etharp.o(i.etharp_request)
    etharp_tmr                               0x08004f2d   Thumb Code   136  etharp.o(i.etharp_tmr)
    ethernet_input                           0x08005105   Thumb Code   196  etharp.o(i.ethernet_input)
    ethernetif_init                          0x08005245   Thumb Code    56  ethernetif.o(i.ethernetif_init)
    ethernetif_input                         0x080052e9   Thumb Code    44  ethernetif.o(i.ethernetif_input)
    fputc                                    0x08005315   Thumb Code    18  fputc.o(i.fputc)
    icmp_dest_unreach                        0x08005327   Thumb Code    18  icmp.o(i.icmp_dest_unreach)
    icmp_input                               0x08005339   Thumb Code   452  icmp.o(i.icmp_input)
    icmp_time_exceeded                       0x0800574d   Thumb Code    18  icmp.o(i.icmp_time_exceeded)
    inet_chksum                              0x0800575f   Thumb Code    20  inet_chksum.o(i.inet_chksum)
    inet_chksum_pbuf                         0x08005773   Thumb Code    86  inet_chksum.o(i.inet_chksum_pbuf)
    ip4_addr_isbroadcast                     0x080057c9   Thumb Code    78  ip_addr.o(i.ip4_addr_isbroadcast)
    ip_frag                                  0x08005819   Thumb Code   448  ip_frag.o(i.ip_frag)
    ip_input                                 0x08005aed   Thumb Code   420  ip.o(i.ip_input)
    ip_output                                0x08005ca5   Thumb Code    80  ip.o(i.ip_output)
    ip_output_if                             0x08005d55   Thumb Code   240  ip.o(i.ip_output_if)
    ip_reass                                 0x08005ed9   Thumb Code   386  ip_frag.o(i.ip_reass)
    ip_reass_tmr                             0x080066e5   Thumb Code    48  ip_frag.o(i.ip_reass_tmr)
    ip_route                                 0x08006719   Thumb Code    76  ip.o(i.ip_route)
    lwip_comm_default_ip_set                 0x08006a99   Thumb Code    90  lwip_comm.o(i.lwip_comm_default_ip_set)
    lwip_comm_init                           0x08006af9   Thumb Code   130  lwip_comm.o(i.lwip_comm_init)
    lwip_comm_mem_free                       0x08006b8d   Thumb Code    24  lwip_comm.o(i.lwip_comm_mem_free)
    lwip_comm_mem_malloc                     0x08006bad   Thumb Code    56  lwip_comm.o(i.lwip_comm_mem_malloc)
    lwip_dhcp_process_handle                 0x08006bed   Thumb Code   222  lwip_comm.o(i.lwip_dhcp_process_handle)
    lwip_htonl                               0x08006cd5   Thumb Code    26  def.o(i.lwip_htonl)
    lwip_htons                               0x08006cef   Thumb Code    12  def.o(i.lwip_htons)
    lwip_init                                0x08006cfb   Thumb Code    28  init.o(i.lwip_init)
    lwip_ntohl                               0x08006d17   Thumb Code    12  def.o(i.lwip_ntohl)
    lwip_ntohs                               0x08006d23   Thumb Code    12  def.o(i.lwip_ntohs)
    lwip_periodic_handle                     0x08006d31   Thumb Code    86  lwip_comm.o(i.lwip_periodic_handle)
    lwip_pkt_handle                          0x08006d99   Thumb Code    10  lwip_comm.o(i.lwip_pkt_handle)
    main                                     0x08006e07   Thumb Code   100  main.o(i.main)
    mem_free                                 0x08006e6d   Thumb Code   148  mem.o(i.mem_free)
    mem_init                                 0x08006fad   Thumb Code    78  mem.o(i.mem_init)
    mem_malloc                               0x0800700d   Thumb Code   366  mem.o(i.mem_malloc)
    mem_trim                                 0x08007279   Thumb Code   308  mem.o(i.mem_trim)
    memp_free                                0x08007441   Thumb Code    58  memp.o(i.memp_free)
    memp_get_memorysize                      0x080074f1   Thumb Code     8  memp.o(i.memp_get_memorysize)
    memp_init                                0x080074f9   Thumb Code    86  memp.o(i.memp_init)
    memp_malloc                              0x08007561   Thumb Code    88  memp.o(i.memp_malloc)
    my_mem_free                              0x08007651   Thumb Code    96  malloc.o(i.my_mem_free)
    my_mem_init                              0x080076bd   Thumb Code    34  malloc.o(i.my_mem_init)
    my_mem_malloc                            0x080076e9   Thumb Code   156  malloc.o(i.my_mem_malloc)
    my_mem_perused                           0x08007791   Thumb Code    54  malloc.o(i.my_mem_perused)
    myfree                                   0x080077d1   Thumb Code    30  malloc.o(i.myfree)
    mymalloc                                 0x080077f5   Thumb Code    34  malloc.o(i.mymalloc)
    mymemset                                 0x0800781d   Thumb Code    20  malloc.o(i.mymemset)
    netif_add                                0x08007831   Thumb Code   120  netif.o(i.netif_add)
    netif_init                               0x08007919   Thumb Code     2  netif.o(i.netif_init)
    netif_set_addr                           0x0800791b   Thumb Code    40  netif.o(i.netif_set_addr)
    netif_set_default                        0x08007945   Thumb Code     6  netif.o(i.netif_set_default)
    netif_set_down                           0x08007951   Thumb Code    42  netif.o(i.netif_set_down)
    netif_set_gw                             0x0800797b   Thumb Code    12  netif.o(i.netif_set_gw)
    netif_set_ipaddr                         0x08007989   Thumb Code   110  netif.o(i.netif_set_ipaddr)
    netif_set_netmask                        0x08007a01   Thumb Code    12  netif.o(i.netif_set_netmask)
    netif_set_up                             0x08007a0d   Thumb Code    54  netif.o(i.netif_set_up)
    pbuf_alloc                               0x08007a45   Thumb Code   638  pbuf.o(i.pbuf_alloc)
    pbuf_alloced_custom                      0x08007e55   Thumb Code   140  pbuf.o(i.pbuf_alloced_custom)
    pbuf_cat                                 0x08007f55   Thumb Code   126  pbuf.o(i.pbuf_cat)
    pbuf_chain                               0x0800809d   Thumb Code    22  pbuf.o(i.pbuf_chain)
    pbuf_clen                                0x080080b3   Thumb Code    18  pbuf.o(i.pbuf_clen)
    pbuf_copy                                0x080080c5   Thumb Code   318  pbuf.o(i.pbuf_copy)
    pbuf_copy_partial                        0x080082f5   Thumb Code   182  pbuf.o(i.pbuf_copy_partial)
    pbuf_free                                0x08008441   Thumb Code   244  pbuf.o(i.pbuf_free)
    pbuf_header                              0x080085e5   Thumb Code   192  pbuf.o(i.pbuf_header)
    pbuf_realloc                             0x08008731   Thumb Code   248  pbuf.o(i.pbuf_realloc)
    pbuf_ref                                 0x080088f5   Thumb Code    10  pbuf.o(i.pbuf_ref)
    pbuf_take                                0x08008901   Thumb Code   194  pbuf.o(i.pbuf_take)
    raw_input                                0x08008c2d   Thumb Code   102  raw.o(i.raw_input)
    sys_check_timeouts                       0x08008ca1   Thumb Code    92  timers.o(i.sys_check_timeouts)
    sys_now                                  0x08008d05   Thumb Code     6  sys_arch.o(i.sys_now)
    sys_timeout                              0x08008d11   Thumb Code   174  timers.o(i.sys_timeout)
    sys_timeouts_init                        0x08008e59   Thumb Code    60  timers.o(i.sys_timeouts_init)
    tcp_abandon                              0x08008ea9   Thumb Code   160  tcp.o(i.tcp_abandon)
    tcp_abort                                0x08008fd9   Thumb Code    14  tcp.o(i.tcp_abort)
    tcp_accept                               0x08008fe7   Thumb Code     4  tcp.o(i.tcp_accept)
    tcp_alloc                                0x08008ff5   Thumb Code   172  tcp.o(i.tcp_alloc)
    tcp_arg                                  0x080090b1   Thumb Code     4  tcp.o(i.tcp_arg)
    tcp_bind                                 0x080090b5   Thumb Code   162  tcp.o(i.tcp_bind)
    tcp_close                                0x080091d9   Thumb Code    28  tcp.o(i.tcp_close)
    tcp_eff_send_mss                         0x080094ed   Thumb Code    46  tcp.o(i.tcp_eff_send_mss)
    tcp_enqueue_flags                        0x0800951d   Thumb Code   396  tcp_out.o(i.tcp_enqueue_flags)
    tcp_err                                  0x080097a9   Thumb Code    40  tcp.o(i.tcp_err)
    tcp_fasttmr                              0x08009849   Thumb Code   110  tcp.o(i.tcp_fasttmr)
    tcp_init                                 0x080098c5   Thumb Code     2  tcp.o(i.tcp_init)
    tcp_input                                0x080098c9   Thumb Code  1656  tcp_in.o(i.tcp_input)
    tcp_keepalive                            0x08009f69   Thumb Code    68  tcp_out.o(i.tcp_keepalive)
    tcp_listen_with_backlog                  0x0800a16d   Thumb Code   218  tcp.o(i.tcp_listen_with_backlog)
    tcp_new                                  0x0800a2cd   Thumb Code    10  tcp.o(i.tcp_new)
    tcp_next_iss                             0x0800a341   Thumb Code    20  tcp.o(i.tcp_next_iss)
    tcp_output                               0x0800a35d   Thumb Code   492  tcp_out.o(i.tcp_output)
    tcp_pcb_purge                            0x0800a979   Thumb Code    64  tcp.o(i.tcp_pcb_purge)
    tcp_pcb_remove                           0x0800a9b9   Thumb Code   184  tcp.o(i.tcp_pcb_remove)
    tcp_poll                                 0x0800aaf9   Thumb Code    46  tcp.o(i.tcp_poll)
    tcp_process_refused_data                 0x0800b20d   Thumb Code   140  tcp.o(i.tcp_process_refused_data)
    tcp_recv                                 0x0800bb7d   Thumb Code    38  tcp.o(i.tcp_recv)
    tcp_recv_null                            0x0800bc1d   Thumb Code    46  tcp.o(i.tcp_recv_null)
    tcp_recved                               0x0800bc4d   Thumb Code   124  tcp.o(i.tcp_recved)
    tcp_rexmit                               0x0800bd65   Thumb Code    90  tcp_out.o(i.tcp_rexmit)
    tcp_rexmit_fast                          0x0800bdbf   Thumb Code   112  tcp_out.o(i.tcp_rexmit_fast)
    tcp_rexmit_rto                           0x0800be2f   Thumb Code    58  tcp_out.o(i.tcp_rexmit_rto)
    tcp_rst                                  0x0800be69   Thumb Code   148  tcp_out.o(i.tcp_rst)
    tcp_seg_free                             0x0800bf81   Thumb Code    26  tcp.o(i.tcp_seg_free)
    tcp_segs_free                            0x0800bf9b   Thumb Code    24  tcp.o(i.tcp_segs_free)
    tcp_send_empty_ack                       0x0800bfb3   Thumb Code    78  tcp_out.o(i.tcp_send_empty_ack)
    tcp_send_fin                             0x0800c001   Thumb Code    74  tcp_out.o(i.tcp_send_fin)
    tcp_sent                                 0x0800c04d   Thumb Code    38  tcp.o(i.tcp_sent)
    tcp_server_accept                        0x0800c0ed   Thumb Code   138  tcp_server_demo.o(i.tcp_server_accept)
    tcp_server_connection_close              0x0800c191   Thumb Code    76  tcp_server_demo.o(i.tcp_server_connection_close)
    tcp_server_error                         0x0800c1e1   Thumb Code    16  tcp_server_demo.o(i.tcp_server_error)
    tcp_server_poll                          0x0800c1f1   Thumb Code    32  tcp_server_demo.o(i.tcp_server_poll)
    tcp_server_recv                          0x0800c211   Thumb Code   250  tcp_server_demo.o(i.tcp_server_recv)
    tcp_server_remove_timewait               0x0800c385   Thumb Code    66  tcp_server_demo.o(i.tcp_server_remove_timewait)
    tcp_server_senddata                      0x0800c3d1   Thumb Code    98  tcp_server_demo.o(i.tcp_server_senddata)
    tcp_server_sent                          0x0800c433   Thumb Code    30  tcp_server_demo.o(i.tcp_server_sent)
    tcp_server_test                          0x0800c451   Thumb Code   188  tcp_server_demo.o(i.tcp_server_test)
    tcp_server_usersent                      0x0800c51d   Thumb Code    98  tcp_server_demo.o(i.tcp_server_usersent)
    tcp_setprio                              0x0800c589   Thumb Code     4  tcp.o(i.tcp_setprio)
    tcp_slowtmr                              0x0800c58d   Thumb Code  1424  tcp.o(i.tcp_slowtmr)
    tcp_timer_needed                         0x0800cb49   Thumb Code    38  timers.o(i.tcp_timer_needed)
    tcp_tmr                                  0x0800cc2d   Thumb Code    30  tcp.o(i.tcp_tmr)
    tcp_update_rcv_ann_wnd                   0x0800cc51   Thumb Code   102  tcp.o(i.tcp_update_rcv_ann_wnd)
    tcp_write                                0x0800cd25   Thumb Code  1506  tcp_out.o(i.tcp_write)
    tcp_zero_window_probe                    0x0800d4d5   Thumb Code   164  tcp_out.o(i.tcp_zero_window_probe)
    udp_bind                                 0x0800d5b1   Thumb Code   146  udp.o(i.udp_bind)
    udp_connect                              0x0800d6a5   Thumb Code    94  udp.o(i.udp_connect)
    udp_init                                 0x0800d709   Thumb Code     2  udp.o(i.udp_init)
    udp_input                                0x0800d70d   Thumb Code   492  udp.o(i.udp_input)
    udp_new                                  0x0800d97d   Thumb Code    28  udp.o(i.udp_new)
    udp_recv                                 0x0800d9f1   Thumb Code     6  udp.o(i.udp_recv)
    udp_remove                               0x0800d9f9   Thumb Code    60  udp.o(i.udp_remove)
    udp_sendto_if                            0x0800da39   Thumb Code   230  udp.o(i.udp_sendto_if)
    AHBPrescTable                            0x0800dba0   Data          16  system_stm32f7xx.o(.constdata)
    APBPrescTable                            0x0800dbb0   Data           8  system_stm32f7xx.o(.constdata)
    memtblsize                               0x0800dbb8   Data          12  malloc.o(.constdata)
    memblksize                               0x0800dbc4   Data          12  malloc.o(.constdata)
    memsize                                  0x0800dbd0   Data          12  malloc.o(.constdata)
    ethbroadcast                             0x0800dbdc   Data           6  etharp.o(.constdata)
    ethzero                                  0x0800dbe2   Data           6  etharp.o(.constdata)
    ip_addr_any                              0x0800dbe8   Data           4  ip_addr.o(.constdata)
    ip_addr_broadcast                        0x0800dbec   Data           4  ip_addr.o(.constdata)
    tcp_state_str                            0x0800dc18   Data          44  tcp.o(.constdata)
    tcp_backoff                              0x0800dc44   Data          13  tcp.o(.constdata)
    tcp_persist_backoff                      0x0800dc51   Data           7  tcp.o(.constdata)
    tcp_pcb_lists                            0x0800dc58   Data          16  tcp.o(.constdata)
    Region$$Table$$Base                      0x0800de08   Number         0  anon$$obj.o(Region$$Table)
    Region$$Table$$Limit                     0x0800de28   Number         0  anon$$obj.o(Region$$Table)
    mem3base                                 0x20000000   Data       61440  malloc.o(.ARM.__AT_0x20000000)
    mem3mapbase                              0x2000f000   Data        3840  malloc.o(.ARM.__AT_0x2000F000)
    SystemCoreClock                          0x20020000   Data           4  system_stm32f7xx.o(.data)
    uwTick                                   0x20020004   Data           4  stm32f7xx_hal.o(.data)
    DMARxDscrTab                             0x2002000c   Data           4  lan8720.o(.data)
    DMATxDscrTab                             0x20020010   Data           4  lan8720.o(.data)
    Rx_Buff                                  0x20020014   Data           4  lan8720.o(.data)
    Tx_Buff                                  0x20020018   Data           4  lan8720.o(.data)
    mallco_dev                               0x2002001c   Data          36  malloc.o(.data)
    current_netif                            0x20020044   Data           4  ip.o(.data)
    current_header                           0x20020048   Data           4  ip.o(.data)
    current_iphdr_src                        0x2002004c   Data           4  ip.o(.data)
    current_iphdr_dest                       0x20020050   Data           4  ip.o(.data)
    ram_heap                                 0x20020064   Data           4  mem.o(.data)
    memp_memory                              0x20020074   Data           4  memp.o(.data)
    netif_list                               0x20020078   Data           4  netif.o(.data)
    netif_default                            0x2002007c   Data           4  netif.o(.data)
    tcp_ticks                                0x2002008c   Data           4  tcp.o(.data)
    tcp_bound_pcbs                           0x20020090   Data           4  tcp.o(.data)
    tcp_listen_pcbs                          0x20020094   Data           4  tcp.o(.data)
    tcp_active_pcbs                          0x20020098   Data           4  tcp.o(.data)
    tcp_tw_pcbs                              0x2002009c   Data           4  tcp.o(.data)
    tcp_tmp_pcb                              0x200200a0   Data           4  tcp.o(.data)
    tcp_active_pcbs_changed                  0x200200a4   Data           1  tcp.o(.data)
    tcp_input_pcb                            0x200200c8   Data           4  tcp_in.o(.data)
    udp_pcbs                                 0x200200dc   Data           4  udp.o(.data)
    TCPTimer                                 0x200200e0   Data           4  lwip_comm.o(.data)
    ARPTimer                                 0x200200e4   Data           4  lwip_comm.o(.data)
    lwip_localtime                           0x200200e8   Data           4  lwip_comm.o(.data)
    DHCPfineTimer                            0x200200ec   Data           4  lwip_comm.o(.data)
    DHCPcoarseTimer                          0x200200f0   Data           4  lwip_comm.o(.data)
    tcp_server_flag                          0x200200f4   Data           1  tcp_server_demo.o(.data)
    __stdout                                 0x200200f8   Data           4  stdout.o(.data)
    ETH_Handler                              0x200200fc   Data          72  lan8720.o(.bss)
    mem1base                                 0x20020160   Data       163840  malloc.o(.bss)
    mem1mapbase                              0x20048160   Data       10240  malloc.o(.bss)
    TIM3_Handler                             0x2004a960   Data          64  timer.o(.bss)
    hsram1                                   0x2004a9a0   Data          76  sram.o(.bss)
    dhcp_rx_options_val                      0x2004aab4   Data          40  dhcp.o(.bss)
    dhcp_rx_options_given                    0x2004aadc   Data          10  dhcp.o(.bss)
    lwipdev                                  0x2004ab20   Data          23  lwip_comm.o(.bss)
    lwip_netif                               0x2004ab38   Data          52  lwip_comm.o(.bss)
    tcp_server_recvbuf                       0x2004ab6c   Data         200  tcp_server_demo.o(.bss)
    __initial_sp                             0x2004b038   Data           0  startup_stm32f777xx.o(STACK)
    mem2base                                 0x68000000   Data       983040  malloc.o(.ARM.__AT_0x68000000)
    mem2mapbase                              0x680f0000   Data       61440  malloc.o(.ARM.__AT_0x680F0000)



==============================================================================

Memory Map of the image

  Image Entry point : 0x080001f9

  Load Region LR_IROM1 (Base: 0x08000000, Size: 0x0000df24, Max: 0x00200000, ABSOLUTE)

    Execution Region ER_IROM1 (Base: 0x08000000, Size: 0x0000de28, Max: 0x00200000, ABSOLUTE)

    Base Addr    Size         Type   Attr      Idx    E Section Name        Object

    0x08000000   0x000001f8   Data   RO          621    RESET               startup_stm32f777xx.o
    0x080001f8   0x00000000   Code   RO         6158  * .ARM.Collect$$$$00000000  mc_w.l(entry.o)
    0x080001f8   0x00000004   Code   RO         6432    .ARM.Collect$$$$00000001  mc_w.l(entry2.o)
    0x080001fc   0x00000004   Code   RO         6435    .ARM.Collect$$$$00000004  mc_w.l(entry5.o)
    0x08000200   0x00000000   Code   RO         6437    .ARM.Collect$$$$00000008  mc_w.l(entry7b.o)
    0x08000200   0x00000000   Code   RO         6439    .ARM.Collect$$$$0000000A  mc_w.l(entry8b.o)
    0x08000200   0x00000008   Code   RO         6440    .ARM.Collect$$$$0000000B  mc_w.l(entry9a.o)
    0x08000208   0x00000000   Code   RO         6442    .ARM.Collect$$$$0000000D  mc_w.l(entry10a.o)
    0x08000208   0x00000000   Code   RO         6444    .ARM.Collect$$$$0000000F  mc_w.l(entry11a.o)
    0x08000208   0x00000004   Code   RO         6433    .ARM.Collect$$$$00002712  mc_w.l(entry2.o)
    0x0800020c   0x00000010   Code   RO         3883    .emb_text           sys.o
    0x0800021c   0x00000024   Code   RO          622    .text               startup_stm32f777xx.o
    0x08000240   0x00000024   Code   RO         6161    .text               mc_w.l(memcpya.o)
    0x08000264   0x00000024   Code   RO         6163    .text               mc_w.l(memseta.o)
    0x08000288   0x0000000e   Code   RO         6165    .text               mc_w.l(strlen.o)
    0x08000296   0x0000001a   Code   RO         6167    .text               mc_w.l(memcmp.o)
    0x080002b0   0x0000002c   Code   RO         6449    .text               mc_w.l(uidiv.o)
    0x080002dc   0x00000024   Code   RO         6464    .text               mc_w.l(init.o)
    0x08000300   0x00000000   Code   RO         6466    .text               mc_w.l(semi.o)
    0x08000300   0x00000000   Code   RO         6473    .text               mc_w.l(iusesemip.o)
    0x08000300   0x00000004   Code   RO            4    i.BusFault_Handler  stm32f7xx_it.o
    0x08000304   0x00000078   Code   RO         3884    i.Cache_Enable      sys.o
    0x0800037c   0x00000002   Code   RO            5    i.DebugMon_Handler  stm32f7xx_it.o
    0x0800037e   0x00000016   Code   RO         2232    i.ETH_DMAReceptionEnable  stm32f7xx_hal_eth.o
    0x08000394   0x00000016   Code   RO         2234    i.ETH_DMATransmissionEnable  stm32f7xx_hal_eth.o
    0x080003aa   0x00000038   Code   RO         2235    i.ETH_FlushTransmitFIFO  stm32f7xx_hal_eth.o
    0x080003e2   0x00000024   Code   RO         4019    i.ETH_GetRxPktSize  lan8720.o
    0x08000406   0x00000002   PAD
    0x08000408   0x00000034   Code   RO         4020    i.ETH_IRQHandler    lan8720.o
    0x0800043c   0x00000034   Code   RO         2236    i.ETH_MACAddressConfig  stm32f7xx_hal_eth.o
    0x08000470   0x00000244   Code   RO         2237    i.ETH_MACDMAConfig  stm32f7xx_hal_eth.o
    0x080006b4   0x00000028   Code   RO         2239    i.ETH_MACReceptionEnable  stm32f7xx_hal_eth.o
    0x080006dc   0x00000028   Code   RO         2241    i.ETH_MACTransmissionEnable  stm32f7xx_hal_eth.o
    0x08000704   0x00000054   Code   RO         4022    i.ETH_Mem_Malloc    lan8720.o
    0x08000758   0x00000048   Code   RO         3703    i.FMC_NORSRAM_Extended_Timing_Init  stm32f7xx_ll_fmc.o
    0x080007a0   0x00000080   Code   RO         3704    i.FMC_NORSRAM_Init  stm32f7xx_ll_fmc.o
    0x08000820   0x0000005e   Code   RO         3705    i.FMC_NORSRAM_Timing_Init  stm32f7xx_ll_fmc.o
    0x0800087e   0x00000002   PAD
    0x08000880   0x00000068   Code   RO         4242    i.FSMC_SRAM_Init    sram.o
    0x080008e8   0x0000001a   Code   RO          636    i.HAL_Delay         stm32f7xx_hal.o
    0x08000902   0x0000008c   Code   RO         2244    i.HAL_ETH_DMARxDescListInit  stm32f7xx_hal_eth.o
    0x0800098e   0x00000084   Code   RO         2245    i.HAL_ETH_DMATxDescListInit  stm32f7xx_hal_eth.o
    0x08000a12   0x000000b2   Code   RO         2248    i.HAL_ETH_GetReceivedFrame  stm32f7xx_hal_eth.o
    0x08000ac4   0x0000029c   Code   RO         2252    i.HAL_ETH_Init      stm32f7xx_hal_eth.o
    0x08000d60   0x00000110   Code   RO         4023    i.HAL_ETH_MspInit   lan8720.o
    0x08000e70   0x00000092   Code   RO         2255    i.HAL_ETH_ReadPHYRegister  stm32f7xx_hal_eth.o
    0x08000f02   0x00000052   Code   RO         2257    i.HAL_ETH_Start     stm32f7xx_hal_eth.o
    0x08000f54   0x0000013e   Code   RO         2259    i.HAL_ETH_TransmitFrame  stm32f7xx_hal_eth.o
    0x08001092   0x00000090   Code   RO         2261    i.HAL_ETH_WritePHYRegister  stm32f7xx_hal_eth.o
    0x08001122   0x00000002   PAD
    0x08001124   0x00000218   Code   RO          943    i.HAL_GPIO_Init     stm32f7xx_hal_gpio.o
    0x0800133c   0x00000008   Code   RO          946    i.HAL_GPIO_TogglePin  stm32f7xx_hal_gpio.o
    0x08001344   0x0000000c   Code   RO          947    i.HAL_GPIO_WritePin  stm32f7xx_hal_gpio.o
    0x08001350   0x0000000c   Code   RO          646    i.HAL_GetTick       stm32f7xx_hal.o
    0x0800135c   0x00000010   Code   RO          647    i.HAL_IncTick       stm32f7xx_hal.o
    0x0800136c   0x00000028   Code   RO          648    i.HAL_Init          stm32f7xx_hal.o
    0x08001394   0x00000028   Code   RO          649    i.HAL_InitTick      stm32f7xx_hal.o
    0x080013bc   0x00000002   Code   RO          593    i.HAL_MspInit       stm32f7xx_hal_msp.o
    0x080013be   0x0000001a   Code   RO          805    i.HAL_NVIC_EnableIRQ  stm32f7xx_hal_cortex.o
    0x080013d8   0x0000007c   Code   RO          811    i.HAL_NVIC_SetPriority  stm32f7xx_hal_cortex.o
    0x08001454   0x00000028   Code   RO          812    i.HAL_NVIC_SetPriorityGrouping  stm32f7xx_hal_cortex.o
    0x0800147c   0x00000090   Code   RO         1118    i.HAL_PWREx_EnableOverDrive  stm32f7xx_hal_pwr_ex.o
    0x0800150c   0x000001b4   Code   RO         1007    i.HAL_RCC_ClockConfig  stm32f7xx_hal_rcc.o
    0x080016c0   0x0000000c   Code   RO         1012    i.HAL_RCC_GetHCLKFreq  stm32f7xx_hal_rcc.o
    0x080016cc   0x000000b4   Code   RO         1016    i.HAL_RCC_GetSysClockFreq  stm32f7xx_hal_rcc.o
    0x08001780   0x000004f8   Code   RO         1019    i.HAL_RCC_OscConfig  stm32f7xx_hal_rcc.o
    0x08001c78   0x00000058   Code   RO         3352    i.HAL_SRAM_Init     stm32f7xx_hal_sram.o
    0x08001cd0   0x000000f0   Code   RO         4245    i.HAL_SRAM_MspInit  sram.o
    0x08001dc0   0x00000028   Code   RO          814    i.HAL_SYSTICK_CLKSourceConfig  stm32f7xx_hal_cortex.o
    0x08001de8   0x00000034   Code   RO          816    i.HAL_SYSTICK_Config  stm32f7xx_hal_cortex.o
    0x08001e1c   0x00000002   Code   RO         3069    i.HAL_TIMEx_BreakCallback  stm32f7xx_hal_tim_ex.o
    0x08001e1e   0x00000002   Code   RO         3070    i.HAL_TIMEx_CommutationCallback  stm32f7xx_hal_tim_ex.o
    0x08001e20   0x00000034   Code   RO         2426    i.HAL_TIM_Base_Init  stm32f7xx_hal_tim.o
    0x08001e54   0x00000044   Code   RO         4193    i.HAL_TIM_Base_MspInit  timer.o
    0x08001e98   0x0000001e   Code   RO         2431    i.HAL_TIM_Base_Start_IT  stm32f7xx_hal_tim.o
    0x08001eb6   0x00000002   Code   RO         2455    i.HAL_TIM_IC_CaptureCallback  stm32f7xx_hal_tim.o
    0x08001eb8   0x000001b8   Code   RO         2468    i.HAL_TIM_IRQHandler  stm32f7xx_hal_tim.o
    0x08002070   0x00000002   Code   RO         2471    i.HAL_TIM_OC_DelayElapsedCallback  stm32f7xx_hal_tim.o
    0x08002072   0x00000002   Code   RO         2498    i.HAL_TIM_PWM_PulseFinishedCallback  stm32f7xx_hal_tim.o
    0x08002074   0x0000001c   Code   RO         4194    i.HAL_TIM_PeriodElapsedCallback  timer.o
    0x08002090   0x00000002   Code   RO         2509    i.HAL_TIM_TriggerCallback  stm32f7xx_hal_tim.o
    0x08002092   0x00000004   Code   RO            6    i.HardFault_Handler  stm32f7xx_it.o
    0x08002096   0x00000002   PAD
    0x08002098   0x000000a4   Code   RO         4025    i.LAN8720_Init      lan8720.o
    0x0800213c   0x00000084   Code   RO         3938    i.LED_Init          led.o
    0x080021c0   0x00000004   Code   RO            7    i.MemManage_Handler  stm32f7xx_it.o
    0x080021c4   0x00000002   Code   RO            8    i.NMI_Handler       stm32f7xx_it.o
    0x080021c6   0x00000002   PAD
    0x080021c8   0x00000010   Code   RO          818    i.NVIC_GetPriorityGrouping  stm32f7xx_hal_cortex.o
    0x080021d8   0x00000028   Code   RO          819    i.NVIC_SetPriority  stm32f7xx_hal_cortex.o
    0x08002200   0x00000002   Code   RO            9    i.PendSV_Handler    stm32f7xx_it.o
    0x08002202   0x00000002   PAD
    0x08002204   0x0000009c   Code   RO         3887    i.SCB_EnableDCache  sys.o
    0x080022a0   0x00000002   Code   RO           10    i.SVC_Handler       stm32f7xx_it.o
    0x080022a2   0x00000002   PAD
    0x080022a4   0x000000b4   Code   RO         3888    i.Stm32_Clock_Init  sys.o
    0x08002358   0x00000008   Code   RO           11    i.SysTick_Handler   stm32f7xx_it.o
    0x08002360   0x00000064   Code   RO          314    i.SystemInit        system_stm32f7xx.o
    0x080023c4   0x00000010   Code   RO         4195    i.TIM3_IRQHandler   timer.o
    0x080023d4   0x0000002c   Code   RO         4196    i.TIM3_Init         timer.o
    0x08002400   0x000000f0   Code   RO         2510    i.TIM_Base_SetConfig  stm32f7xx_hal_tim.o
    0x080024f0   0x00000004   Code   RO           12    i.UsageFault_Handler  stm32f7xx_it.o
    0x080024f4   0x00000020   Code   RO         6260    i.__0printf$3       mc_w.l(printf3.o)
    0x08002514   0x0000000e   Code   RO         6478    i.__scatterload_copy  mc_w.l(handlers.o)
    0x08002522   0x00000002   Code   RO         6479    i.__scatterload_null  mc_w.l(handlers.o)
    0x08002524   0x0000000e   Code   RO         6480    i.__scatterload_zeroinit  mc_w.l(handlers.o)
    0x08002532   0x00000002   PAD
    0x08002534   0x000001b8   Code   RO         6267    i._printf_core      mc_w.l(printf3.o)
    0x080026ec   0x0000001c   Code   RO         5752    i.arp_timer         timers.o
    0x08002708   0x00000014   Code   RO         3845    i.delay_init        delay.o
    0x0800271c   0x00000018   Code   RO         3846    i.delay_ms          delay.o
    0x08002734   0x00000048   Code   RO         3847    i.delay_us          delay.o
    0x0800277c   0x000000a0   Code   RO         4776    i.dhcp_arp_reply    dhcp.o
    0x0800281c   0x0000018c   Code   RO         4777    i.dhcp_bind         dhcp.o
    0x080029a8   0x00000038   Code   RO         4778    i.dhcp_check        dhcp.o
    0x080029e0   0x00000044   Code   RO         4780    i.dhcp_coarse_tmr   dhcp.o
    0x08002a24   0x000002d8   Code   RO         4781    i.dhcp_create_msg   dhcp.o
    0x08002cfc   0x00000084   Code   RO         4782    i.dhcp_decline      dhcp.o
    0x08002d80   0x0000012c   Code   RO         4783    i.dhcp_delete_msg   dhcp.o
    0x08002eac   0x000000c4   Code   RO         4784    i.dhcp_discover     dhcp.o
    0x08002f70   0x00000044   Code   RO         4785    i.dhcp_fine_tmr     dhcp.o
    0x08002fb4   0x00000078   Code   RO         4786    i.dhcp_handle_ack   dhcp.o
    0x0800302c   0x00000038   Code   RO         4787    i.dhcp_handle_nak   dhcp.o
    0x08003064   0x0000002c   Code   RO         4788    i.dhcp_handle_offer  dhcp.o
    0x08003090   0x00000098   Code   RO         4791    i.dhcp_option       dhcp.o
    0x08003128   0x000000bc   Code   RO         4792    i.dhcp_option_byte  dhcp.o
    0x080031e4   0x000000f0   Code   RO         4793    i.dhcp_option_long  dhcp.o
    0x080032d4   0x00000094   Code   RO         4794    i.dhcp_option_short  dhcp.o
    0x08003368   0x00000170   Code   RO         4795    i.dhcp_option_trailer  dhcp.o
    0x080034d8   0x00000506   Code   RO         4796    i.dhcp_parse_reply  dhcp.o
    0x080039de   0x00000002   PAD
    0x080039e0   0x00000088   Code   RO         4797    i.dhcp_rebind       dhcp.o
    0x08003a68   0x000000a8   Code   RO         4798    i.dhcp_reboot       dhcp.o
    0x08003b10   0x00000178   Code   RO         4799    i.dhcp_recv         dhcp.o
    0x08003c88   0x000000a8   Code   RO         4800    i.dhcp_release      dhcp.o
    0x08003d30   0x00000086   Code   RO         4801    i.dhcp_renew        dhcp.o
    0x08003db6   0x00000002   PAD
    0x08003db8   0x000000f4   Code   RO         4802    i.dhcp_select       dhcp.o
    0x08003eac   0x00000010   Code   RO         4803    i.dhcp_set_state    dhcp.o
    0x08003ebc   0x000001a0   Code   RO         4805    i.dhcp_start        dhcp.o
    0x0800405c   0x000000e4   Code   RO         4806    i.dhcp_stop         dhcp.o
    0x08004140   0x00000020   Code   RO         4807    i.dhcp_t1_timeout   dhcp.o
    0x08004160   0x00000020   Code   RO         4808    i.dhcp_t2_timeout   dhcp.o
    0x08004180   0x000000a4   Code   RO         4809    i.dhcp_timeout      dhcp.o
    0x08004224   0x0000001c   Code   RO         5753    i.dhcp_timer_coarse  timers.o
    0x08004240   0x0000001c   Code   RO         5754    i.dhcp_timer_fine   timers.o
    0x0800425c   0x000001a0   Code   RO         4287    i.etharp_arp_input  etharp.o
    0x080043fc   0x00000038   Code   RO         4288    i.etharp_cleanup_netif  etharp.o
    0x08004434   0x000002d4   Code   RO         4290    i.etharp_find_entry  etharp.o
    0x08004708   0x00000040   Code   RO         4291    i.etharp_free_entry  etharp.o
    0x08004748   0x00000204   Code   RO         4292    i.etharp_output     etharp.o
    0x0800494c   0x00000114   Code   RO         4293    i.etharp_output_to_arp_index  etharp.o
    0x08004a60   0x00000260   Code   RO         4294    i.etharp_query      etharp.o
    0x08004cc0   0x00000194   Code   RO         4295    i.etharp_raw        etharp.o
    0x08004e54   0x0000002c   Code   RO         4296    i.etharp_request    etharp.o
    0x08004e80   0x000000ac   Code   RO         4297    i.etharp_send_ip    etharp.o
    0x08004f2c   0x0000008c   Code   RO         4298    i.etharp_tmr        etharp.o
    0x08004fb8   0x0000014c   Code   RO         4299    i.etharp_update_arp_entry  etharp.o
    0x08005104   0x00000140   Code   RO         4300    i.ethernet_input    etharp.o
    0x08005244   0x000000a4   Code   RO         4403    i.ethernetif_init   ethernetif.o
    0x080052e8   0x0000002c   Code   RO         4404    i.ethernetif_input  ethernetif.o
    0x08005314   0x00000012   Code   RO         6446    i.fputc             mc_w.l(fputc.o)
    0x08005326   0x00000012   Code   RO         4469    i.icmp_dest_unreach  icmp.o
    0x08005338   0x0000030c   Code   RO         4470    i.icmp_input        icmp.o
    0x08005644   0x00000108   Code   RO         4471    i.icmp_send_response  icmp.o
    0x0800574c   0x00000012   Code   RO         4472    i.icmp_time_exceeded  icmp.o
    0x0800575e   0x00000014   Code   RO         4531    i.inet_chksum       inet_chksum.o
    0x08005772   0x00000056   Code   RO         4532    i.inet_chksum_pbuf  inet_chksum.o
    0x080057c8   0x0000004e   Code   RO         4624    i.ip4_addr_isbroadcast  ip_addr.o
    0x08005816   0x00000002   PAD
    0x08005818   0x0000023c   Code   RO         4677    i.ip_frag           ip_frag.o
    0x08005a54   0x0000000a   Code   RO         4678    i.ip_frag_alloc_pbuf_custom_ref  ip_frag.o
    0x08005a5e   0x00000002   PAD
    0x08005a60   0x0000008c   Code   RO         4679    i.ip_frag_free_pbuf_custom_ref  ip_frag.o
    0x08005aec   0x000001b8   Code   RO         4569    i.ip_input          ip.o
    0x08005ca4   0x000000b0   Code   RO         4570    i.ip_output         ip.o
    0x08005d54   0x00000184   Code   RO         4571    i.ip_output_if      ip.o
    0x08005ed8   0x0000018c   Code   RO         4680    i.ip_reass          ip_frag.o
    0x08006064   0x00000310   Code   RO         4681    i.ip_reass_chain_frag_into_datagram_and_validate  ip_frag.o
    0x08006374   0x000000b8   Code   RO         4682    i.ip_reass_dequeue_datagram  ip_frag.o
    0x0800642c   0x00000054   Code   RO         4683    i.ip_reass_enqueue_new_datagram  ip_frag.o
    0x08006480   0x000001cc   Code   RO         4684    i.ip_reass_free_complete_datagram  ip_frag.o
    0x0800664c   0x0000007c   Code   RO         4685    i.ip_reass_remove_oldest_datagram  ip_frag.o
    0x080066c8   0x0000001c   Code   RO         5755    i.ip_reass_timer    timers.o
    0x080066e4   0x00000034   Code   RO         4686    i.ip_reass_tmr      ip_frag.o
    0x08006718   0x00000054   Code   RO         4572    i.ip_route          ip.o
    0x0800676c   0x000000bc   Code   RO         4687    i.ipfrag_free_pbuf_custom  ip_frag.o
    0x08006828   0x00000088   Code   RO         4405    i.low_level_init    ethernetif.o
    0x080068b0   0x00000100   Code   RO         4406    i.low_level_input   ethernetif.o
    0x080069b0   0x000000e8   Code   RO         4407    i.low_level_output  ethernetif.o
    0x08006a98   0x00000060   Code   RO         6003    i.lwip_comm_default_ip_set  lwip_comm.o
    0x08006af8   0x00000094   Code   RO         6004    i.lwip_comm_init    lwip_comm.o
    0x08006b8c   0x00000020   Code   RO         6005    i.lwip_comm_mem_free  lwip_comm.o
    0x08006bac   0x00000040   Code   RO         6006    i.lwip_comm_mem_malloc  lwip_comm.o
    0x08006bec   0x000000e8   Code   RO         6007    i.lwip_dhcp_process_handle  lwip_comm.o
    0x08006cd4   0x0000001a   Code   RO         4746    i.lwip_htonl        def.o
    0x08006cee   0x0000000c   Code   RO         4747    i.lwip_htons        def.o
    0x08006cfa   0x0000001c   Code   RO         4977    i.lwip_init         init.o
    0x08006d16   0x0000000c   Code   RO         4748    i.lwip_ntohl        def.o
    0x08006d22   0x0000000c   Code   RO         4749    i.lwip_ntohs        def.o
    0x08006d2e   0x00000002   PAD
    0x08006d30   0x00000068   Code   RO         6008    i.lwip_periodic_handle  lwip_comm.o
    0x08006d98   0x00000010   Code   RO         6009    i.lwip_pkt_handle   lwip_comm.o
    0x08006da8   0x0000005e   Code   RO         4535    i.lwip_standard_chksum  inet_chksum.o
    0x08006e06   0x00000064   Code   RO          474    i.main              main.o
    0x08006e6a   0x00000002   PAD
    0x08006e6c   0x00000140   Code   RO         5017    i.mem_free          mem.o
    0x08006fac   0x00000060   Code   RO         5018    i.mem_init          mem.o
    0x0800700c   0x0000026c   Code   RO         5019    i.mem_malloc        mem.o
    0x08007278   0x000001c8   Code   RO         5020    i.mem_trim          mem.o
    0x08007440   0x000000b0   Code   RO         5060    i.memp_free         memp.o
    0x080074f0   0x00000008   Code   RO         5061    i.memp_get_memorysize  memp.o
    0x080074f8   0x00000068   Code   RO         5062    i.memp_init         memp.o
    0x08007560   0x000000f0   Code   RO         5063    i.memp_malloc       memp.o
    0x08007650   0x0000006c   Code   RO         4109    i.my_mem_free       malloc.o
    0x080076bc   0x0000002c   Code   RO         4110    i.my_mem_init       malloc.o
    0x080076e8   0x000000a8   Code   RO         4111    i.my_mem_malloc     malloc.o
    0x08007790   0x00000040   Code   RO         4112    i.my_mem_perused    malloc.o
    0x080077d0   0x00000024   Code   RO         4113    i.myfree            malloc.o
    0x080077f4   0x00000028   Code   RO         4114    i.mymalloc          malloc.o
    0x0800781c   0x00000014   Code   RO         4116    i.mymemset          malloc.o
    0x08007830   0x000000e8   Code   RO         5107    i.netif_add         netif.o
    0x08007918   0x00000002   Code   RO         5109    i.netif_init        netif.o
    0x0800791a   0x00000028   Code   RO         5111    i.netif_set_addr    netif.o
    0x08007942   0x00000002   PAD
    0x08007944   0x0000000c   Code   RO         5112    i.netif_set_default  netif.o
    0x08007950   0x0000002a   Code   RO         5113    i.netif_set_down    netif.o
    0x0800797a   0x0000000c   Code   RO         5114    i.netif_set_gw      netif.o
    0x08007986   0x00000002   PAD
    0x08007988   0x00000078   Code   RO         5115    i.netif_set_ipaddr  netif.o
    0x08007a00   0x0000000c   Code   RO         5118    i.netif_set_netmask  netif.o
    0x08007a0c   0x00000036   Code   RO         5119    i.netif_set_up      netif.o
    0x08007a42   0x00000002   PAD
    0x08007a44   0x00000410   Code   RO         5201    i.pbuf_alloc        pbuf.o
    0x08007e54   0x00000100   Code   RO         5202    i.pbuf_alloced_custom  pbuf.o
    0x08007f54   0x00000148   Code   RO         5203    i.pbuf_cat          pbuf.o
    0x0800809c   0x00000016   Code   RO         5204    i.pbuf_chain        pbuf.o
    0x080080b2   0x00000012   Code   RO         5205    i.pbuf_clen         pbuf.o
    0x080080c4   0x00000230   Code   RO         5207    i.pbuf_copy         pbuf.o
    0x080082f4   0x0000014c   Code   RO         5208    i.pbuf_copy_partial  pbuf.o
    0x08008440   0x000001a4   Code   RO         5210    i.pbuf_free         pbuf.o
    0x080085e4   0x0000014c   Code   RO         5212    i.pbuf_header       pbuf.o
    0x08008730   0x000001c4   Code   RO         5215    i.pbuf_realloc      pbuf.o
    0x080088f4   0x0000000a   Code   RO         5216    i.pbuf_ref          pbuf.o
    0x080088fe   0x00000002   PAD
    0x08008900   0x00000178   Code   RO         5218    i.pbuf_take         pbuf.o
    0x08008a78   0x000001b4   Code   RO         5021    i.plug_holes        mem.o
    0x08008c2c   0x00000074   Code   RO         5317    i.raw_input         raw.o
    0x08008ca0   0x00000064   Code   RO         5756    i.sys_check_timeouts  timers.o
    0x08008d04   0x0000000c   Code   RO         5972    i.sys_now           sys_arch.o
    0x08008d10   0x00000148   Code   RO         5758    i.sys_timeout       timers.o
    0x08008e58   0x00000050   Code   RO         5759    i.sys_timeouts_init  timers.o
    0x08008ea8   0x00000130   Code   RO         5377    i.tcp_abandon       tcp.o
    0x08008fd8   0x0000000e   Code   RO         5378    i.tcp_abort         tcp.o
    0x08008fe6   0x00000004   Code   RO         5379    i.tcp_accept        tcp.o
    0x08008fea   0x00000008   Code   RO         5380    i.tcp_accept_null   tcp.o
    0x08008ff2   0x00000002   PAD
    0x08008ff4   0x000000bc   Code   RO         5381    i.tcp_alloc         tcp.o
    0x080090b0   0x00000004   Code   RO         5382    i.tcp_arg           tcp.o
    0x080090b4   0x00000124   Code   RO         5383    i.tcp_bind          tcp.o
    0x080091d8   0x0000001c   Code   RO         5384    i.tcp_close         tcp.o
    0x080091f4   0x0000024c   Code   RO         5385    i.tcp_close_shutdown  tcp.o
    0x08009440   0x000000ac   Code   RO         5654    i.tcp_create_segment  tcp_out.o
    0x080094ec   0x0000002e   Code   RO         5388    i.tcp_eff_send_mss  tcp.o
    0x0800951a   0x00000002   PAD
    0x0800951c   0x0000028c   Code   RO         5655    i.tcp_enqueue_flags  tcp_out.o
    0x080097a8   0x000000a0   Code   RO         5389    i.tcp_err           tcp.o
    0x08009848   0x0000007c   Code   RO         5390    i.tcp_fasttmr       tcp.o
    0x080098c4   0x00000002   Code   RO         5391    i.tcp_init          tcp.o
    0x080098c6   0x00000002   PAD
    0x080098c8   0x000006a0   Code   RO         5606    i.tcp_input         tcp_in.o
    0x08009f68   0x00000044   Code   RO         5656    i.tcp_keepalive     tcp_out.o
    0x08009fac   0x00000054   Code   RO         5392    i.tcp_kill_prio     tcp.o
    0x0800a000   0x0000003c   Code   RO         5393    i.tcp_kill_timewait  tcp.o
    0x0800a03c   0x00000130   Code   RO         5607    i.tcp_listen_input  tcp_in.o
    0x0800a16c   0x00000160   Code   RO         5394    i.tcp_listen_with_backlog  tcp.o
    0x0800a2cc   0x0000000a   Code   RO         5395    i.tcp_new           tcp.o
    0x0800a2d6   0x00000002   PAD
    0x0800a2d8   0x00000068   Code   RO         5396    i.tcp_new_port      tcp.o
    0x0800a340   0x0000001c   Code   RO         5397    i.tcp_next_iss      tcp.o
    0x0800a35c   0x00000284   Code   RO         5657    i.tcp_output        tcp_out.o
    0x0800a5e0   0x00000118   Code   RO         5658    i.tcp_output_alloc_header  tcp_out.o
    0x0800a6f8   0x000000d0   Code   RO         5659    i.tcp_output_segment  tcp_out.o
    0x0800a7c8   0x000000b8   Code   RO         5608    i.tcp_parseopt      tcp_in.o
    0x0800a880   0x000000f8   Code   RO         5660    i.tcp_pbuf_prealloc  tcp_out.o
    0x0800a978   0x00000040   Code   RO         5398    i.tcp_pcb_purge     tcp.o
    0x0800a9b8   0x00000140   Code   RO         5399    i.tcp_pcb_remove    tcp.o
    0x0800aaf8   0x000000a0   Code   RO         5400    i.tcp_poll          tcp.o
    0x0800ab98   0x00000674   Code   RO         5609    i.tcp_process       tcp_in.o
    0x0800b20c   0x0000008c   Code   RO         5401    i.tcp_process_refused_data  tcp.o
    0x0800b298   0x000008e4   Code   RO         5610    i.tcp_receive       tcp_in.o
    0x0800bb7c   0x000000a0   Code   RO         5402    i.tcp_recv          tcp.o
    0x0800bc1c   0x0000002e   Code   RO         5403    i.tcp_recv_null     tcp.o
    0x0800bc4a   0x00000002   PAD
    0x0800bc4c   0x00000118   Code   RO         5404    i.tcp_recved        tcp.o
    0x0800bd64   0x0000005a   Code   RO         5661    i.tcp_rexmit        tcp_out.o
    0x0800bdbe   0x00000070   Code   RO         5662    i.tcp_rexmit_fast   tcp_out.o
    0x0800be2e   0x0000003a   Code   RO         5663    i.tcp_rexmit_rto    tcp_out.o
    0x0800be68   0x00000118   Code   RO         5664    i.tcp_rst           tcp_out.o
    0x0800bf80   0x0000001a   Code   RO         5405    i.tcp_seg_free      tcp.o
    0x0800bf9a   0x00000018   Code   RO         5406    i.tcp_segs_free     tcp.o
    0x0800bfb2   0x0000004e   Code   RO         5665    i.tcp_send_empty_ack  tcp_out.o
    0x0800c000   0x0000004a   Code   RO         5666    i.tcp_send_fin      tcp_out.o
    0x0800c04a   0x00000002   PAD
    0x0800c04c   0x000000a0   Code   RO         5407    i.tcp_sent          tcp.o
    0x0800c0ec   0x000000a4   Code   RO         6078    i.tcp_server_accept  tcp_server_demo.o
    0x0800c190   0x00000050   Code   RO         6079    i.tcp_server_connection_close  tcp_server_demo.o
    0x0800c1e0   0x00000010   Code   RO         6080    i.tcp_server_error  tcp_server_demo.o
    0x0800c1f0   0x00000020   Code   RO         6081    i.tcp_server_poll   tcp_server_demo.o
    0x0800c210   0x00000174   Code   RO         6082    i.tcp_server_recv   tcp_server_demo.o
    0x0800c384   0x0000004c   Code   RO         6083    i.tcp_server_remove_timewait  tcp_server_demo.o
    0x0800c3d0   0x00000062   Code   RO         6084    i.tcp_server_senddata  tcp_server_demo.o
    0x0800c432   0x0000001e   Code   RO         6085    i.tcp_server_sent   tcp_server_demo.o
    0x0800c450   0x000000cc   Code   RO         6086    i.tcp_server_test   tcp_server_demo.o
    0x0800c51c   0x0000006c   Code   RO         6087    i.tcp_server_usersent  tcp_server_demo.o
    0x0800c588   0x00000004   Code   RO         5408    i.tcp_setprio       tcp.o
    0x0800c58c   0x000005bc   Code   RO         5410    i.tcp_slowtmr       tcp.o
    0x0800cb48   0x00000038   Code   RO         5761    i.tcp_timer_needed  timers.o
    0x0800cb80   0x000000ac   Code   RO         5611    i.tcp_timewait_input  tcp_in.o
    0x0800cc2c   0x00000024   Code   RO         5411    i.tcp_tmr           tcp.o
    0x0800cc50   0x000000d4   Code   RO         5412    i.tcp_update_rcv_ann_wnd  tcp.o
    0x0800cd24   0x0000063c   Code   RO         5667    i.tcp_write         tcp_out.o
    0x0800d360   0x00000174   Code   RO         5668    i.tcp_write_checks  tcp_out.o
    0x0800d4d4   0x000000a4   Code   RO         5669    i.tcp_zero_window_probe  tcp_out.o
    0x0800d578   0x00000038   Code   RO         5762    i.tcpip_tcp_timer   timers.o
    0x0800d5b0   0x000000f4   Code   RO         5824    i.udp_bind          udp.o
    0x0800d6a4   0x00000064   Code   RO         5825    i.udp_connect       udp.o
    0x0800d708   0x00000002   Code   RO         5827    i.udp_init          udp.o
    0x0800d70a   0x00000002   PAD
    0x0800d70c   0x00000270   Code   RO         5828    i.udp_input         udp.o
    0x0800d97c   0x0000001c   Code   RO         5829    i.udp_new           udp.o
    0x0800d998   0x00000058   Code   RO         5830    i.udp_new_port      udp.o
    0x0800d9f0   0x00000006   Code   RO         5831    i.udp_recv          udp.o
    0x0800d9f6   0x00000002   PAD
    0x0800d9f8   0x00000040   Code   RO         5832    i.udp_remove        udp.o
    0x0800da38   0x00000168   Code   RO         5835    i.udp_sendto_if     udp.o
    0x0800dba0   0x00000018   Data   RO          315    .constdata          system_stm32f7xx.o
    0x0800dbb8   0x00000024   Data   RO         4123    .constdata          malloc.o
    0x0800dbdc   0x0000000c   Data   RO         4302    .constdata          etharp.o
    0x0800dbe8   0x00000008   Data   RO         4631    .constdata          ip_addr.o
    0x0800dbf0   0x00000028   Data   RO         5065    .constdata          memp.o
    0x0800dc18   0x00000050   Data   RO         5413    .constdata          tcp.o
    0x0800dc68   0x00000044   Data   RO         4303    .conststring        etharp.o
    0x0800dcac   0x0000008c   Data   RO         4811    .conststring        dhcp.o
    0x0800dd38   0x00000075   Data   RO         5414    .conststring        tcp.o
    0x0800ddad   0x00000003   PAD
    0x0800ddb0   0x00000055   Data   RO         5670    .conststring        tcp_out.o
    0x0800de05   0x00000003   PAD
    0x0800de08   0x00000020   Data   RO         6476    Region$$Table       anon$$obj.o


    Execution Region RW_IRAM1 (Base: 0x20020000, Size: 0x0002b038, Max: 0x00060000, ABSOLUTE)

    Base Addr    Size         Type   Attr      Idx    E Section Name        Object

    0x20020000   0x00000004   Data   RW          316    .data               system_stm32f7xx.o
    0x20020004   0x00000004   Data   RW          654    .data               stm32f7xx_hal.o
    0x20020008   0x00000004   Data   RW         3848    .data               delay.o
    0x2002000c   0x00000010   Data   RW         4030    .data               lan8720.o
    0x2002001c   0x00000024   Data   RW         4124    .data               malloc.o
    0x20020040   0x00000001   Data   RW         4304    .data               etharp.o
    0x20020041   0x00000003   PAD
    0x20020044   0x00000012   Data   RW         4573    .data               ip.o
    0x20020056   0x00000002   PAD
    0x20020058   0x00000006   Data   RW         4688    .data               ip_frag.o
    0x2002005e   0x00000002   PAD
    0x20020060   0x00000004   Data   RW         4812    .data               dhcp.o
    0x20020064   0x00000010   Data   RW         5022    .data               mem.o
    0x20020074   0x00000004   Data   RW         5066    .data               memp.o
    0x20020078   0x00000009   Data   RW         5120    .data               netif.o
    0x20020081   0x00000003   PAD
    0x20020084   0x00000004   Data   RW         5323    .data               raw.o
    0x20020088   0x00000024   Data   RW         5415    .data               tcp.o
    0x200200ac   0x00000020   Data   RW         5613    .data               tcp_in.o
    0x200200cc   0x0000000c   Data   RW         5763    .data               timers.o
    0x200200d8   0x00000008   Data   RW         5836    .data               udp.o
    0x200200e0   0x00000014   Data   RW         6011    .data               lwip_comm.o
    0x200200f4   0x00000001   Data   RW         6089    .data               tcp_server_demo.o
    0x200200f5   0x00000003   PAD
    0x200200f8   0x00000004   Data   RW         6448    .data               mc_w.l(stdout.o)
    0x200200fc   0x00000048   Zero   RW         4029    .bss                lan8720.o
    0x20020144   0x0000001c   PAD
    0x20020160   0x0002a800   Zero   RW         4122    .bss                malloc.o
    0x2004a960   0x00000040   Zero   RW         4197    .bss                timer.o
    0x2004a9a0   0x0000004c   Zero   RW         4246    .bss                sram.o
    0x2004a9ec   0x000000c8   Zero   RW         4301    .bss                etharp.o
    0x2004aab4   0x00000032   Zero   RW         4810    .bss                dhcp.o
    0x2004aae6   0x00000002   PAD
    0x2004aae8   0x00000028   Zero   RW         5064    .bss                memp.o
    0x2004ab10   0x00000010   Zero   RW         5612    .bss                tcp_in.o
    0x2004ab20   0x0000004c   Zero   RW         6010    .bss                lwip_comm.o
    0x2004ab6c   0x000000c8   Zero   RW         6088    .bss                tcp_server_demo.o
    0x2004ac34   0x00000004   PAD
    0x2004ac38   0x00000400   Zero   RW          619    STACK               startup_stm32f777xx.o



  Load Region LR$$.ARM.__AT_0x20000000 (Base: 0x20000000, Size: 0x00000000, Max: 0x0000f000, ABSOLUTE)

    Execution Region ER$$.ARM.__AT_0x20000000 (Base: 0x20000000, Size: 0x0000f000, Max: 0x0000f000, ABSOLUTE, UNINIT)

    Base Addr    Size         Type   Attr      Idx    E Section Name        Object

    0x20000000   0x0000f000   Zero   RW         4118    .ARM.__AT_0x20000000  malloc.o



  Load Region LR$$.ARM.__AT_0x2000F000 (Base: 0x2000f000, Size: 0x00000000, Max: 0x00000f00, ABSOLUTE)

    Execution Region ER$$.ARM.__AT_0x2000F000 (Base: 0x2000f000, Size: 0x00000f00, Max: 0x00000f00, ABSOLUTE, UNINIT)

    Base Addr    Size         Type   Attr      Idx    E Section Name        Object

    0x2000f000   0x00000f00   Zero   RW         4119    .ARM.__AT_0x2000F000  malloc.o



  Load Region LR$$.ARM.__AT_0x68000000 (Base: 0x68000000, Size: 0x00000000, Max: 0x000f0000, ABSOLUTE)

    Execution Region ER$$.ARM.__AT_0x68000000 (Base: 0x68000000, Size: 0x000f0000, Max: 0x000f0000, ABSOLUTE, UNINIT)

    Base Addr    Size         Type   Attr      Idx    E Section Name        Object

    0x68000000   0x000f0000   Zero   RW         4120    .ARM.__AT_0x68000000  malloc.o



  Load Region LR$$.ARM.__AT_0x680F0000 (Base: 0x680f0000, Size: 0x00000000, Max: 0x0000f000, ABSOLUTE)

    Execution Region ER$$.ARM.__AT_0x680F0000 (Base: 0x680f0000, Size: 0x0000f000, Max: 0x0000f000, ABSOLUTE, UNINIT)

    Base Addr    Size         Type   Attr      Idx    E Section Name        Object

    0x680f0000   0x0000f000   Zero   RW         4121    .ARM.__AT_0x680F0000  malloc.o


==============================================================================

Image component sizes


      Code (inc. data)   RO Data    RW Data    ZI Data      Debug   Object Name

        62          0          0          0          0       2212   def.o
       116          8          0          4          0       1911   delay.o
      6820       2070        140          4         50      23028   dhcp.o
      4072       1316         80          1        200      20010   etharp.o
       832        144          0          0          0       6832   ethernetif.o
      1080        456          0          0          0       7949   icmp.o
         0          0          0          0          0       3816   inet.o
       200          0          0          0          0       2725   inet_chksum.o
        28          0          0          0          0       1080   init.o
      1088        272          0         18          0      17074   ip.o
        78          0          8          0          0       7166   ip_addr.o
      2994        954          0          6          0      11296   ip_frag.o
       608         54          0         16         72       3902   lan8720.o
       132         14          0          0          0        871   led.o
       692         74          0         20         76       6351   lwip_comm.o
       100          0          0          0          0      13743   main.o
       480         56         36         36    1283840       6414   malloc.o
      1928        810          0         16          0       5217   mem.o
       528        288         40          4         40       3914   memp.o
       526        128          0          9          0       8167   netif.o
      4146       1814          0          0          0      10955   pbuf.o
       116         14          0          4          0       1528   raw.o
       344         28          0          0         76       1897   sram.o
        36          8        504          0       1024        820   startup_stm32f777xx.o
       134         20          0          4          0       3439   stm32f7xx_hal.o
       338         22          0          0          0      36125   stm32f7xx_hal_cortex.o
      2620         46          0          0          0      11919   stm32f7xx_hal_eth.o
       556         52          0          0          0       2821   stm32f7xx_hal_gpio.o
         2          0          0          0          0        438   stm32f7xx_hal_msp.o
       144          8          0          0          0       1156   stm32f7xx_hal_pwr_ex.o
      1900         48          0          0          0       4070   stm32f7xx_hal_rcc.o
        88          0          0          0          0       1084   stm32f7xx_hal_sram.o
       770         44          0          0          0       5307   stm32f7xx_hal_tim.o
         4          0          0          0          0       1470   stm32f7xx_hal_tim_ex.o
        32          0          0          0          0     903398   stm32f7xx_it.o
       294         10          0          0          0       2572   stm32f7xx_ll_fmc.o
       472         26          0          0          0      34437   sys.o
        12          6          0          0          0        470   sys_arch.o
       100         18         24          4          0       1059   system_stm32f7xx.o
      5500       1968        197         36          0      32588   tcp.o
      6284       1184          0         32         16      16851   tcp_in.o
      5096       1420         85          0          0      15679   tcp_out.o
      1180        188          0          1        200       8625   tcp_server_demo.o
       156         34          0          0         64       2689   timer.o
       732        240          0         12          0       5718   timers.o
      1516        378          0          8          0      16316   udp.o

    ----------------------------------------------------------------------
     54986      14220       1152        248    1285692    1277109   Object Totals
         0          0         32          0          0          0   (incl. Generated)
        50          0          6         13         34          0   (incl. Padding)

    ----------------------------------------------------------------------

      Code (inc. data)   RO Data    RW Data    ZI Data      Debug   Library Member Name

         0          0          0          0          0          0   entry.o
         0          0          0          0          0          0   entry10a.o
         0          0          0          0          0          0   entry11a.o
         8          4          0          0          0          0   entry2.o
         4          0          0          0          0          0   entry5.o
         0          0          0          0          0          0   entry7b.o
         0          0          0          0          0          0   entry8b.o
         8          4          0          0          0          0   entry9a.o
        18          0          0          0          0         80   fputc.o
        30          0          0          0          0          0   handlers.o
        36          8          0          0          0         68   init.o
         0          0          0          0          0          0   iusesemip.o
        26          0          0          0          0         80   memcmp.o
        36          0          0          0          0         68   memcpya.o
        36          0          0          0          0        108   memseta.o
       472         14          0          0          0        184   printf3.o
         0          0          0          0          0          0   semi.o
         0          0          0          4          0          0   stdout.o
        14          0          0          0          0         68   strlen.o
        44          0          0          0          0         80   uidiv.o

    ----------------------------------------------------------------------
       734         30          0          4          0        736   Library Totals
         2          0          0          0          0          0   (incl. Padding)

    ----------------------------------------------------------------------

      Code (inc. data)   RO Data    RW Data    ZI Data      Debug   Library Name

       732         30          0          4          0        736   mc_w.l

    ----------------------------------------------------------------------
       734         30          0          4          0        736   Library Totals

    ----------------------------------------------------------------------

==============================================================================


      Code (inc. data)   RO Data    RW Data    ZI Data      Debug   

     55720      14250       1152        252    1285692    1249889   Grand Totals
     55720      14250       1152        252    1285692    1249889   ELF Image Totals
     55720      14250       1152        252          0          0   ROM Totals

==============================================================================

    Total RO  Size (Code + RO Data)                56872 (  55.54kB)
    Total RW  Size (RW Data + ZI Data)           1285944 (1255.80kB)
    Total ROM Size (Code + RO Data + RW Data)      57124 (  55.79kB)

==============================================================================

